psstudio/sampledatasets/Meal_delivery_company.csv
week,id,center_id,meal_id,checkout_price,base_price,emailer_for_promotion,homepage_featured,num_orders,category,cuisine,city_code,region_code,center_type,op_area
2018-02-11,1040403.0,24.0,1885.0,136.83,136.83,0.0,0.0,1498.0,Beverages,Thai,614.0,85.0,TYPEB,3.6
2018-02-18,1133856.0,24.0,1885.0,135.86,134.86,0.0,0.0,1176.0,Beverages,Thai,614.0,85.0,TYPEB,3.6
2018-02-25,1009136.0,24.0,1885.0,135.83,136.83,0.0,0.0,1444.0,Beverages,Thai,614.0,85.0,TYPEB,3.6
2018-03-04,1260804.0,24.0,1885.0,134.83,136.83,0.0,0.0,1297.0,Beverages,Thai,614.0,85.0,TYPEB,3.6
2018-03-11,1260804.0,24.0,1885.0,134.83,136.83,0.0,0.0,1297.0,Beverages,Thai,614.0,85.0,TYPEB,3.6
2018-03-18,1260804.0,24.0,1885.0,134.83,136.83,0.0,0.0,1297.0,Beverages,Thai,614.0,85.0,TYPEB,3.6
2018-03-25,1260804.0,24.0,1885.0,134.83,136.83,0.0,0.0,1297.0,Beverages,Thai,614.0,85.0,TYPEB,3.6
2018-04-01,1260804.0,24.0,1885.0,134.83,136.83,0.0,0.0,1297.0,Beverages,Thai,614.0,85.0,TYPEB,3.6
2018-04-08,1260804.0,24.0,1885.0,134.83,136.83,0.0,0.0,1297.0,Beverages,Thai,614.0,85.0,TYPEB,3.6
2018-04-15,1260804.0,24.0,1885.0,134.83,136.83,0.0,0.0,1297.0,Beverages,Thai,614.0,85.0,TYPEB,3.6
2018-04-22,1260804.0,24.0,1885.0,134.83,136.83,0.0,0.0,1297.0,Beverages,Thai,614.0,85.0,TYPEB,3.6
2018-04-29,1260804.0,24.0,1885.0,134.83,136.83,0.0,0.0,1297.0,Beverages,Thai,614.0,85.0,TYPEB,3.6
2018-05-06,1260804.0,24.0,1885.0,134.83,136.83,0.0,0.0,1297.0,Beverages,Thai,614.0,85.0,TYPEB,3.6
2018-05-13,1260804.0,24.0,1885.0,134.83,136.83,0.0,0.0,1297.0,Beverages,Thai,614.0,85.0,TYPEB,3.6
2018-05-20,1260804.0,24.0,1885.0,134.83,136.83,0.0,0.0,1297.0,Beverages,Thai,614.0,85.0,TYPEB,3.6
2018-05-27,1260804.0,24.0,1885.0,134.83,136.83,0.0,0.0,1297.0,Beverages,Thai,614.0,85.0,TYPEB,3.6
2018-06-03,1260804.0,24.0,1885.0,134.83,136.83,0.0,0.0,1297.0,Beverages,Thai,614.0,85.0,TYPEB,3.6
2018-06-10,1260804.0,24.0,1885.0,134.83,136.83,0.0,0.0,1297.0,Beverages,Thai,614.0,85.0,TYPEB,3.6
2018-06-17,1260804.0,24.0,1885.0,134.83,136.83,0.0,0.0,1297.0,Beverages,Thai,614.0,85.0,TYPEB,3.6
2018-06-24,1260804.0,24.0,1885.0,134.83,136.83,0.0,0.0,1297.0,Beverages,Thai,614.0,85.0,TYPEB,3.6
2018-07-01,1260804.0,24.0,1885.0,134.83,136.83,0.0,0.0,1297.0,Beverages,Thai,614.0,85.0,TYPEB,3.6
2018-07-08,1260804.0,24.0,1885.0,134.83,136.83,0.0,0.0,1297.0,Beverages,Thai,614.0,85.0,TYPEB,3.6
2018-07-15,1260804.0,24.0,1885.0,134.83,136.83,0.0,0.0,1297.0,Beverages,Thai,614.0,85.0,TYPEB,3.6
2018-07-22,1260804.0,24.0,1885.0,134.83,136.83,0.0,0.0,1297.0,Beverages,Thai,614.0,85.0,TYPEB,3.6
2018-07-29,1260804.0,24.0,1885.0,134.83,136.83,0.0,0.0,1297.0,Beverages,Thai,614.0,85.0,TYPEB,3.6
2018-08-05,1260804.0,24.0,1885.0,134.83,136.83,0.0,0.0,1297.0,Beverages,Thai,614.0,85.0,TYPEB,3.6
2018-08-12,1260804.0,24.0,1885.0,134.83,136.83,0.0,0.0,1297.0,Beverages,Thai,614.0,85.0,TYPEB,3.6
2018-08-19,1260804.0,24.0,1885.0,134.83,136.83,0.0,0.0,1297.0,Beverages,Thai,614.0,85.0,TYPEB,3.6
2018-08-26,1260804.0,24.0,1885.0,134.83,136.83,0.0,0.0,1297.0,Beverages,Thai,614.0,85.0,TYPEB,3.6
2018-09-02,1124034.0,24.0,1885.0,121.28,121.28,0.0,0.0,890.0,Beverages,Thai,614.0,85.0,TYPEB,3.6
2018-09-09,1313556.0,24.0,1885.0,145.53,144.53,0.0,0.0,1106.0,Beverages,Thai,614.0,85.0,TYPEB,3.6
2018-09-16,1293490.0,24.0,1885.0,145.53,145.53,0.0,0.0,971.0,Beverages,Thai,614.0,85.0,TYPEB,3.6
2018-09-23,1212312.0,24.0,1885.0,146.5,146.5,0.0,0.0,1242.0,Beverages,Thai,614.0,85.0,TYPEB,3.6
2018-09-30,1057814.0,24.0,1885.0,145.53,144.53,0.0,0.0,1229.0,Beverages,Thai,614.0,85.0,TYPEB,3.6
2018-10-07,1023216.0,24.0,1885.0,145.56,143.56,0.0,0.0,1176.0,Beverages,Thai,614.0,85.0,TYPEB,3.6
2018-10-14,1417870.0,24.0,1885.0,145.53,145.53,0.0,0.0,1295.0,Beverages,Thai,614.0,85.0,TYPEB,3.6
2018-10-21,1273541.0,24.0,1885.0,144.53,145.53,0.0,0.0,1013.0,Beverages,Thai,614.0,85.0,TYPEB,3.6
2018-10-28,1026467.0,24.0,1885.0,143.59,142.59,0.0,0.0,1135.0,Beverages,Thai,614.0,85.0,TYPEB,3.6
2018-11-04,1089578.0,24.0,1885.0,141.62,143.62,0.0,0.0,1133.0,Beverages,Thai,614.0,85.0,TYPEB,3.6
2018-11-11,1338443.0,24.0,1885.0,145.53,146.53,0.0,0.0,1068.0,Beverages,Thai,614.0,85.0,TYPEB,3.6
2018-11-18,1362966.0,24.0,1885.0,146.5,147.5,0.0,0.0,879.0,Beverages,Thai,614.0,85.0,TYPEB,3.6
2018-11-25,1356460.0,24.0,1885.0,144.56,143.56,0.0,0.0,864.0,Beverages,Thai,614.0,85.0,TYPEB,3.6
2018-12-02,1436702.0,24.0,1885.0,142.62,143.62,0.0,0.0,1067.0,Beverages,Thai,614.0,85.0,TYPEB,3.6
2018-12-09,1321666.0,24.0,1885.0,146.53,145.53,0.0,0.0,838.0,Beverages,Thai,614.0,85.0,TYPEB,3.6
2018-12-16,1449594.0,24.0,1885.0,144.53,144.53,0.0,0.0,1161.0,Beverages,Thai,614.0,85.0,TYPEB,3.6
2018-12-23,1169199.0,24.0,1885.0,142.59,144.59,0.0,0.0,1040.0,Beverages,Thai,614.0,85.0,TYPEB,3.6
2018-12-30,1450268.0,24.0,1885.0,145.53,146.53,0.0,0.0,1160.0,Beverages,Thai,614.0,85.0,TYPEB,3.6
2019-01-06,1041153.0,24.0,1885.0,120.28,144.53,0.0,1.0,1268.0,Beverages,Thai,614.0,85.0,TYPEB,3.6
2019-01-13,1176885.0,24.0,1885.0,123.25,146.53,0.0,1.0,1485.0,Beverages,Thai,614.0,85.0,TYPEB,3.6
2019-01-20,1243143.0,24.0,1885.0,121.25,144.53,0.0,1.0,1836.0,Beverages,Thai,614.0,85.0,TYPEB,3.6
2019-01-27,1139839.0,24.0,1885.0,122.25,144.53,0.0,1.0,1242.0,Beverages,Thai,614.0,85.0,TYPEB,3.6
2019-02-03,1207611.0,24.0,1885.0,123.25,146.53,1.0,1.0,1647.0,Beverages,Thai,614.0,85.0,TYPEB,3.6
2019-02-10,1200970.0,24.0,1885.0,121.25,144.53,1.0,1.0,2322.0,Beverages,Thai,614.0,85.0,TYPEB,3.6
2019-02-17,1131794.0,24.0,1885.0,120.28,146.53,0.0,1.0,1931.0,Beverages,Thai,614.0,85.0,TYPEB,3.6
2019-02-24,1187156.0,24.0,1885.0,122.28,145.53,0.0,1.0,1890.0,Beverages,Thai,614.0,85.0,TYPEB,3.6
2019-03-03,1362948.0,24.0,1885.0,121.25,145.53,0.0,1.0,1338.0,Beverages,Thai,614.0,85.0,TYPEB,3.6
2019-03-10,1101465.0,24.0,1885.0,147.5,146.53,0.0,1.0,1201.0,Beverages,Thai,614.0,85.0,TYPEB,3.6
2019-03-17,1394131.0,24.0,1885.0,145.5,146.5,0.0,0.0,798.0,Beverages,Thai,614.0,85.0,TYPEB,3.6
2019-03-24,1221285.0,24.0,1885.0,144.53,144.53,0.0,0.0,932.0,Beverages,Thai,614.0,85.0,TYPEB,3.6
2019-03-31,1010502.0,24.0,1885.0,145.53,146.53,0.0,0.0,1174.0,Beverages,Thai,614.0,85.0,TYPEB,3.6
2019-04-07,1366070.0,24.0,1885.0,144.53,144.53,0.0,0.0,1149.0,Beverages,Thai,614.0,85.0,TYPEB,3.6
2019-04-14,1158865.0,24.0,1885.0,145.56,145.56,0.0,0.0,379.0,Beverages,Thai,614.0,85.0,TYPEB,3.6
2019-04-21,1220349.0,24.0,1885.0,143.59,142.59,0.0,0.0,1268.0,Beverages,Thai,614.0,85.0,TYPEB,3.6
2019-04-28,1295978.0,24.0,1885.0,141.62,142.62,0.0,0.0,1189.0,Beverages,Thai,614.0,85.0,TYPEB,3.6
2019-05-05,1270585.0,24.0,1885.0,145.56,141.62,0.0,1.0,1606.0,Beverages,Thai,614.0,85.0,TYPEB,3.6
2019-05-12,1476139.0,24.0,1885.0,144.53,142.62,0.0,1.0,1324.0,Beverages,Thai,614.0,85.0,TYPEB,3.6
2019-05-19,1064808.0,24.0,1885.0,144.53,141.62,0.0,1.0,1458.0,Beverages,Thai,614.0,85.0,TYPEB,3.6
2019-05-26,1104615.0,24.0,1885.0,144.56,141.62,0.0,1.0,1365.0,Beverages,Thai,614.0,85.0,TYPEB,3.6
2019-06-02,1349999.0,24.0,1885.0,145.56,143.62,0.0,1.0,1390.0,Beverages,Thai,614.0,85.0,TYPEB,3.6
2019-06-09,1068156.0,24.0,1885.0,146.53,146.53,0.0,0.0,972.0,Beverages,Thai,614.0,85.0,TYPEB,3.6
2019-06-16,1462192.0,24.0,1885.0,145.5,147.5,0.0,0.0,1228.0,Beverages,Thai,614.0,85.0,TYPEB,3.6
2019-06-23,1260937.0,24.0,1885.0,147.5,145.5,0.0,0.0,1080.0,Beverages,Thai,614.0,85.0,TYPEB,3.6
2019-06-30,1370449.0,24.0,1885.0,146.5,146.5,0.0,0.0,1027.0,Beverages,Thai,614.0,85.0,TYPEB,3.6
2019-07-07,1096136.0,24.0,1885.0,147.5,145.5,0.0,0.0,1174.0,Beverages,Thai,614.0,85.0,TYPEB,3.6
2019-07-14,1256596.0,24.0,1885.0,146.5,147.5,0.0,0.0,1025.0,Beverages,Thai,614.0,85.0,TYPEB,3.6
2019-07-21,1231720.0,24.0,1885.0,146.53,145.53,0.0,0.0,931.0,Beverages,Thai,614.0,85.0,TYPEB,3.6
2019-07-28,1114334.0,24.0,1885.0,146.5,145.53,0.0,1.0,1310.0,Beverages,Thai,614.0,85.0,TYPEB,3.6
2019-08-04,1256584.0,24.0,1885.0,146.53,144.53,0.0,1.0,1148.0,Beverages,Thai,614.0,85.0,TYPEB,3.6
2019-08-11,1270704.0,24.0,1885.0,145.5,146.53,0.0,1.0,1149.0,Beverages,Thai,614.0,85.0,TYPEB,3.6
2019-08-18,1011689.0,24.0,1885.0,146.5,146.53,0.0,1.0,1269.0,Beverages,Thai,614.0,85.0,TYPEB,3.6
2019-08-25,1416721.0,24.0,1885.0,145.5,145.53,0.0,1.0,1296.0,Beverages,Thai,614.0,85.0,TYPEB,3.6
2019-09-01,1355896.0,24.0,1885.0,146.5,145.53,0.0,1.0,998.0,Beverages,Thai,614.0,85.0,TYPEB,3.6
2019-09-08,1256720.0,24.0,1885.0,145.53,146.53,0.0,1.0,1323.0,Beverages,Thai,614.0,85.0,TYPEB,3.6
2019-09-15,1202537.0,24.0,1885.0,143.56,145.53,0.0,1.0,1242.0,Beverages,Thai,614.0,85.0,TYPEB,3.6
2019-09-22,1483697.0,24.0,1885.0,143.62,145.53,0.0,1.0,1270.0,Beverages,Thai,614.0,85.0,TYPEB,3.6
2019-09-29,1320700.0,24.0,1885.0,142.62,141.62,0.0,0.0,1122.0,Beverages,Thai,614.0,85.0,TYPEB,3.6
2019-10-06,1342300.0,24.0,1885.0,145.53,146.53,0.0,0.0,1161.0,Beverages,Thai,614.0,85.0,TYPEB,3.6
2019-10-13,1163038.0,24.0,1885.0,145.53,145.53,0.0,0.0,1014.0,Beverages,Thai,614.0,85.0,TYPEB,3.6
2019-10-20,1495880.0,24.0,1885.0,143.56,145.56,0.0,0.0,973.0,Beverages,Thai,614.0,85.0,TYPEB,3.6
2019-10-27,1270762.0,24.0,1885.0,144.53,144.53,0.0,0.0,1176.0,Beverages,Thai,614.0,85.0,TYPEB,3.6
2019-11-03,1407589.0,24.0,1885.0,144.53,145.53,0.0,0.0,1133.0,Beverages,Thai,614.0,85.0,TYPEB,3.6
2019-11-10,1146063.0,24.0,1885.0,145.56,143.56,0.0,0.0,1337.0,Beverages,Thai,614.0,85.0,TYPEB,3.6
2019-11-17,1356230.0,24.0,1885.0,142.59,144.59,0.0,0.0,1054.0,Beverages,Thai,614.0,85.0,TYPEB,3.6
2019-11-24,1254973.0,24.0,1885.0,144.56,143.56,0.0,0.0,1405.0,Beverages,Thai,614.0,85.0,TYPEB,3.6
2019-12-01,1200419.0,24.0,1885.0,144.56,143.56,0.0,0.0,1107.0,Beverages,Thai,614.0,85.0,TYPEB,3.6
2019-12-08,1318396.0,24.0,1885.0,141.62,143.62,0.0,0.0,998.0,Beverages,Thai,614.0,85.0,TYPEB,3.6
2019-12-15,1052582.0,24.0,1885.0,146.53,146.53,0.0,0.0,1106.0,Beverages,Thai,614.0,85.0,TYPEB,3.6
2019-12-22,1007815.0,24.0,1885.0,144.56,145.56,0.0,0.0,1068.0,Beverages,Thai,614.0,85.0,TYPEB,3.6
2019-12-29,1050895.0,24.0,1885.0,151.38,151.38,0.0,0.0,1121.0,Beverages,Thai,614.0,85.0,TYPEB,3.6
2020-01-05,1244499.0,24.0,1885.0,150.41,150.41,0.0,0.0,1620.0,Beverages,Thai,614.0,85.0,TYPEB,3.6
2020-01-12,1196788.0,24.0,1885.0,147.44,148.44,0.0,0.0,1660.0,Beverages,Thai,614.0,85.0,TYPEB,3.6
2020-01-19,1167122.0,24.0,1885.0,149.44,147.44,0.0,0.0,1916.0,Beverages,Thai,614.0,85.0,TYPEB,3.6
2020-01-26,1125218.0,24.0,1885.0,148.41,148.44,0.0,1.0,1580.0,Beverages,Thai,614.0,85.0,TYPEB,3.6
2020-02-02,1294773.0,24.0,1885.0,149.38,147.44,0.0,1.0,1268.0,Beverages,Thai,614.0,85.0,TYPEB,3.6
2020-02-09,1177247.0,24.0,1885.0,149.41,148.44,0.0,1.0,1094.0,Beverages,Thai,614.0,85.0,TYPEB,3.6
2020-02-16,1154828.0,24.0,1885.0,145.5,147.5,0.0,0.0,1552.0,Beverages,Thai,614.0,85.0,TYPEB,3.6
2020-02-23,1070726.0,24.0,1885.0,146.47,145.5,0.0,1.0,1700.0,Beverages,Thai,614.0,85.0,TYPEB,3.6
2020-03-01,1055850.0,24.0,1885.0,146.47,147.47,0.0,0.0,2402.0,Beverages,Thai,614.0,85.0,TYPEB,3.6
2020-03-08,1222704.0,24.0,1885.0,145.5,146.47,0.0,1.0,1891.0,Beverages,Thai,614.0,85.0,TYPEB,3.6
2020-03-15,1205018.0,24.0,1885.0,148.47,147.47,0.0,1.0,1808.0,Beverages,Thai,614.0,85.0,TYPEB,3.6
2020-03-22,1337767.0,24.0,1885.0,145.5,145.5,0.0,0.0,1067.0,Beverages,Thai,614.0,85.0,TYPEB,3.6
2020-03-29,1260216.0,24.0,1885.0,148.47,146.47,0.0,0.0,553.0,Beverages,Thai,614.0,85.0,TYPEB,3.6
2020-04-05,1347623.0,24.0,1885.0,147.47,147.47,0.0,0.0,1255.0,Beverages,Thai,614.0,85.0,TYPEB,3.6
2020-04-12,1247111.0,24.0,1885.0,149.41,150.41,0.0,0.0,1216.0,Beverages,Thai,614.0,85.0,TYPEB,3.6
2020-04-19,1239873.0,24.0,1885.0,150.41,148.41,0.0,0.0,1405.0,Beverages,Thai,614.0,85.0,TYPEB,3.6
2020-04-26,1269137.0,24.0,1885.0,151.38,151.38,0.0,0.0,1324.0,Beverages,Thai,614.0,85.0,TYPEB,3.6
2020-05-03,1160040.0,24.0,1885.0,150.35,152.35,0.0,0.0,1390.0,Beverages,Thai,614.0,85.0,TYPEB,3.6
2020-05-10,1308582.0,24.0,1885.0,150.35,152.35,0.0,0.0,1458.0,Beverages,Thai,614.0,85.0,TYPEB,3.6
2020-05-17,1091059.0,24.0,1885.0,152.35,152.35,0.0,0.0,1648.0,Beverages,Thai,614.0,85.0,TYPEB,3.6
2020-05-24,1259135.0,24.0,1885.0,151.38,150.38,0.0,0.0,1242.0,Beverages,Thai,614.0,85.0,TYPEB,3.6
2020-05-31,1117334.0,24.0,1885.0,150.35,150.35,0.0,0.0,1513.0,Beverages,Thai,614.0,85.0,TYPEB,3.6
2020-06-07,1248863.0,24.0,1885.0,151.35,152.35,0.0,0.0,1620.0,Beverages,Thai,614.0,85.0,TYPEB,3.6
2020-06-14,1244970.0,24.0,1885.0,151.35,150.35,0.0,0.0,1364.0,Beverages,Thai,614.0,85.0,TYPEB,3.6
2020-06-21,1004030.0,24.0,1885.0,152.35,150.35,0.0,0.0,1647.0,Beverages,Thai,614.0,85.0,TYPEB,3.6
2020-06-28,1439299.0,24.0,1885.0,151.35,152.35,0.0,0.0,1565.0,Beverages,Thai,614.0,85.0,TYPEB,3.6
2020-07-05,1101666.0,24.0,1885.0,151.35,150.35,0.0,0.0,1756.0,Beverages,Thai,614.0,85.0,TYPEB,3.6
2020-07-12,1140238.0,24.0,1885.0,149.38,151.38,0.0,0.0,1511.0,Beverages,Thai,614.0,85.0,TYPEB,3.6
2020-07-19,1234816.0,24.0,1885.0,151.35,150.35,0.0,0.0,1324.0,Beverages,Thai,614.0,85.0,TYPEB,3.6
2020-07-26,1472299.0,24.0,1885.0,152.35,151.35,0.0,0.0,1351.0,Beverages,Thai,614.0,85.0,TYPEB,3.6
2020-08-02,1266710.0,24.0,1885.0,151.35,151.35,0.0,0.0,1296.0,Beverages,Thai,614.0,85.0,TYPEB,3.6
2020-08-09,1387761.0,24.0,1885.0,151.38,150.38,0.0,0.0,1297.0,Beverages,Thai,614.0,85.0,TYPEB,3.6
2020-08-16,1280217.0,24.0,1885.0,151.35,150.35,0.0,0.0,1511.0,Beverages,Thai,614.0,85.0,TYPEB,3.6
2020-08-23,1464873.0,24.0,1885.0,149.38,149.38,0.0,0.0,1511.0,Beverages,Thai,614.0,85.0,TYPEB,3.6
2020-08-30,1246698.0,24.0,1885.0,150.41,150.41,0.0,0.0,1554.0,Beverages,Thai,614.0,85.0,TYPEB,3.6
2020-09-06,1259066.0,24.0,1885.0,152.35,151.35,0.0,0.0,1891.0,Beverages,Thai,614.0,85.0,TYPEB,3.6
2020-09-13,1173704.0,24.0,1885.0,149.38,150.38,0.0,0.0,1592.0,Beverages,Thai,614.0,85.0,TYPEB,3.6
2020-09-20,1280430.0,24.0,1885.0,154.23,154.23,0.0,0.0,1701.0,Beverages,Thai,614.0,85.0,TYPEB,3.6
2020-09-27,1406024.0,24.0,1885.0,153.26,153.26,0.0,0.0,1581.0,Beverages,Thai,614.0,85.0,TYPEB,3.6
2020-10-04,1094103.0,24.0,1885.0,150.38,151.38,0.0,0.0,1403.0,Beverages,Thai,614.0,85.0,TYPEB,3.6
2020-10-11,1202585.0,24.0,1885.0,151.35,150.35,0.0,0.0,1972.0,Beverages,Thai,614.0,85.0,TYPEB,3.6
2020-10-18,1344592.0,24.0,1885.0,150.35,151.35,0.0,0.0,1877.0,Beverages,Thai,614.0,85.0,TYPEB,3.6
2020-10-25,1441626.0,24.0,1885.0,149.38,151.38,0.0,0.0,1403.0,Beverages,Thai,614.0,85.0,TYPEB,3.6
2020-11-01,1223225.0,24.0,1885.0,150.38,150.38,0.0,1.0,1958.0,Beverages,Thai,614.0,85.0,TYPEB,3.6
2020-11-08,1184275.0,24.0,1885.0,151.38,149.38,0.0,1.0,1984.0,Beverages,Thai,614.0,85.0,TYPEB,3.6
2020-11-15,1275021.0,24.0,1885.0,159.11,159.11,0.0,0.0,1890.0,Beverages,Thai,614.0,85.0,TYPEB,3.6
