psstudio/sampledatasets/Meal_delivery_company.csv
week,id,center_id,meal_id,checkout_price,base_price,emailer_for_promotion,homepage_featured,num_orders,category,cuisine,city_code,region_code,center_type,op_area
2018-02-25,1036764.0,55.0,1216.0,455.93,455.93,0.0,0.0,13.0,Pasta,Italian,647.0,56.0,TYPEC,2.0
2018-03-04,1036764.0,55.0,1216.0,455.93,455.93,0.0,0.0,13.0,Pasta,Italian,647.0,56.0,TYPEC,2.0
2018-03-11,1278228.0,55.0,1216.0,454.93,455.93,0.0,0.0,28.0,Pasta,Italian,647.0,56.0,TYPEC,2.0
2018-03-18,1278228.0,55.0,1216.0,454.93,455.93,0.0,0.0,28.0,Pasta,Italian,647.0,56.0,TYPEC,2.0
2018-03-25,1246109.0,55.0,1216.0,456.93,456.93,0.0,0.0,13.0,Pasta,Italian,647.0,56.0,TYPEC,2.0
2018-04-01,1237537.0,55.0,1216.0,340.5,454.93,0.0,0.0,13.0,Pasta,Italian,647.0,56.0,TYPEC,2.0
2018-04-08,1230476.0,55.0,1216.0,341.5,454.93,0.0,0.0,26.0,Pasta,Italian,647.0,56.0,TYPEC,2.0
2018-04-15,1230476.0,55.0,1216.0,341.5,454.93,0.0,0.0,26.0,Pasta,Italian,647.0,56.0,TYPEC,2.0
2018-04-22,1230476.0,55.0,1216.0,341.5,454.93,0.0,0.0,26.0,Pasta,Italian,647.0,56.0,TYPEC,2.0
2018-04-29,1082182.0,55.0,1216.0,407.43,455.93,0.0,0.0,14.0,Pasta,Italian,647.0,56.0,TYPEC,2.0
2018-05-06,1130644.0,55.0,1216.0,406.43,455.93,0.0,0.0,13.0,Pasta,Italian,647.0,56.0,TYPEC,2.0
2018-05-13,1130644.0,55.0,1216.0,406.43,455.93,0.0,0.0,13.0,Pasta,Italian,647.0,56.0,TYPEC,2.0
2018-05-20,1411630.0,55.0,1216.0,407.43,455.93,0.0,0.0,14.0,Pasta,Italian,647.0,56.0,TYPEC,2.0
2018-05-27,1411630.0,55.0,1216.0,407.43,455.93,0.0,0.0,14.0,Pasta,Italian,647.0,56.0,TYPEC,2.0
2018-06-03,1191253.0,55.0,1216.0,408.43,456.93,0.0,0.0,13.0,Pasta,Italian,647.0,56.0,TYPEC,2.0
2018-06-10,1499380.0,55.0,1216.0,408.43,406.43,0.0,0.0,27.0,Pasta,Italian,647.0,56.0,TYPEC,2.0
2018-06-17,1499380.0,55.0,1216.0,408.43,406.43,0.0,0.0,27.0,Pasta,Italian,647.0,56.0,TYPEC,2.0
2018-06-24,1499380.0,55.0,1216.0,408.43,406.43,0.0,0.0,27.0,Pasta,Italian,647.0,56.0,TYPEC,2.0
2018-07-01,1499380.0,55.0,1216.0,408.43,406.43,0.0,0.0,27.0,Pasta,Italian,647.0,56.0,TYPEC,2.0
2018-07-08,1499380.0,55.0,1216.0,408.43,406.43,0.0,0.0,27.0,Pasta,Italian,647.0,56.0,TYPEC,2.0
2018-07-15,1499380.0,55.0,1216.0,408.43,406.43,0.0,0.0,27.0,Pasta,Italian,647.0,56.0,TYPEC,2.0
2018-07-22,1499380.0,55.0,1216.0,408.43,406.43,0.0,0.0,27.0,Pasta,Italian,647.0,56.0,TYPEC,2.0
2018-07-29,1061882.0,55.0,1216.0,406.43,406.43,0.0,0.0,27.0,Pasta,Italian,647.0,56.0,TYPEC,2.0
2018-08-05,1243456.0,55.0,1216.0,406.43,407.43,0.0,0.0,15.0,Pasta,Italian,647.0,56.0,TYPEC,2.0
2018-08-12,1243456.0,55.0,1216.0,406.43,407.43,0.0,0.0,15.0,Pasta,Italian,647.0,56.0,TYPEC,2.0
2018-08-19,1121548.0,55.0,1216.0,408.43,408.43,0.0,0.0,26.0,Pasta,Italian,647.0,56.0,TYPEC,2.0
2018-08-26,1121548.0,55.0,1216.0,408.43,408.43,0.0,0.0,26.0,Pasta,Italian,647.0,56.0,TYPEC,2.0
2018-09-02,1306760.0,55.0,1216.0,406.43,406.43,0.0,0.0,40.0,Pasta,Italian,647.0,56.0,TYPEC,2.0
2018-09-09,1306760.0,55.0,1216.0,406.43,406.43,0.0,0.0,40.0,Pasta,Italian,647.0,56.0,TYPEC,2.0
2018-09-16,1364353.0,55.0,1216.0,406.43,408.43,0.0,0.0,26.0,Pasta,Italian,647.0,56.0,TYPEC,2.0
2018-09-23,1307316.0,55.0,1216.0,408.43,408.43,0.0,0.0,14.0,Pasta,Italian,647.0,56.0,TYPEC,2.0
2018-09-30,1307316.0,55.0,1216.0,408.43,408.43,0.0,0.0,14.0,Pasta,Italian,647.0,56.0,TYPEC,2.0
2018-10-07,1340047.0,55.0,1216.0,336.59,407.43,1.0,0.0,27.0,Pasta,Italian,647.0,56.0,TYPEC,2.0
2018-10-14,1340047.0,55.0,1216.0,336.59,407.43,1.0,0.0,27.0,Pasta,Italian,647.0,56.0,TYPEC,2.0
2018-10-21,1163094.0,55.0,1216.0,338.59,407.43,0.0,0.0,13.0,Pasta,Italian,647.0,56.0,TYPEC,2.0
2018-10-28,1055103.0,55.0,1216.0,337.59,406.43,0.0,0.0,14.0,Pasta,Italian,647.0,56.0,TYPEC,2.0
2018-11-04,1216121.0,55.0,1216.0,367.63,368.63,0.0,0.0,69.0,Pasta,Italian,647.0,56.0,TYPEC,2.0
2018-11-11,1423405.0,55.0,1216.0,367.63,369.63,0.0,0.0,15.0,Pasta,Italian,647.0,56.0,TYPEC,2.0
2018-11-18,1362813.0,55.0,1216.0,367.63,368.63,0.0,0.0,15.0,Pasta,Italian,647.0,56.0,TYPEC,2.0
2018-11-25,1362813.0,55.0,1216.0,367.63,368.63,0.0,0.0,15.0,Pasta,Italian,647.0,56.0,TYPEC,2.0
2018-12-02,1362813.0,55.0,1216.0,367.63,368.63,0.0,0.0,15.0,Pasta,Italian,647.0,56.0,TYPEC,2.0
2018-12-09,1485546.0,55.0,1216.0,407.43,408.43,0.0,0.0,27.0,Pasta,Italian,647.0,56.0,TYPEC,2.0
2018-12-16,1342335.0,55.0,1216.0,408.43,408.43,0.0,0.0,14.0,Pasta,Italian,647.0,56.0,TYPEC,2.0
2018-12-23,1460847.0,55.0,1216.0,406.43,408.43,0.0,0.0,13.0,Pasta,Italian,647.0,56.0,TYPEC,2.0
2018-12-30,1460847.0,55.0,1216.0,406.43,408.43,0.0,0.0,13.0,Pasta,Italian,647.0,56.0,TYPEC,2.0
2019-01-06,1274930.0,55.0,1216.0,407.43,408.43,0.0,0.0,27.0,Pasta,Italian,647.0,56.0,TYPEC,2.0
2019-01-13,1252499.0,55.0,1216.0,406.43,406.43,0.0,0.0,27.0,Pasta,Italian,647.0,56.0,TYPEC,2.0
2019-01-20,1342221.0,55.0,1216.0,387.03,387.03,0.0,0.0,13.0,Pasta,Italian,647.0,56.0,TYPEC,2.0
2019-01-27,1342221.0,55.0,1216.0,387.03,387.03,0.0,0.0,13.0,Pasta,Italian,647.0,56.0,TYPEC,2.0
2019-02-03,1448529.0,55.0,1216.0,388.03,388.03,0.0,0.0,40.0,Pasta,Italian,647.0,56.0,TYPEC,2.0
2019-02-10,1448529.0,55.0,1216.0,388.03,388.03,0.0,0.0,40.0,Pasta,Italian,647.0,56.0,TYPEC,2.0
2019-02-17,1448529.0,55.0,1216.0,388.03,388.03,0.0,0.0,40.0,Pasta,Italian,647.0,56.0,TYPEC,2.0
2019-02-24,1378826.0,55.0,1216.0,388.03,389.03,0.0,0.0,55.0,Pasta,Italian,647.0,56.0,TYPEC,2.0
2019-03-03,1378826.0,55.0,1216.0,388.03,389.03,0.0,0.0,55.0,Pasta,Italian,647.0,56.0,TYPEC,2.0
2019-03-10,1220403.0,55.0,1216.0,387.03,387.03,0.0,0.0,28.0,Pasta,Italian,647.0,56.0,TYPEC,2.0
2019-03-17,1030890.0,55.0,1216.0,387.03,388.03,0.0,0.0,28.0,Pasta,Italian,647.0,56.0,TYPEC,2.0
2019-03-24,1031517.0,55.0,1216.0,387.03,388.03,0.0,0.0,13.0,Pasta,Italian,647.0,56.0,TYPEC,2.0
2019-03-31,1091338.0,55.0,1216.0,389.03,388.03,0.0,0.0,13.0,Pasta,Italian,647.0,56.0,TYPEC,2.0
2019-04-07,1319923.0,55.0,1216.0,388.03,388.03,0.0,0.0,28.0,Pasta,Italian,647.0,56.0,TYPEC,2.0
2019-04-14,1319923.0,55.0,1216.0,388.03,388.03,0.0,0.0,28.0,Pasta,Italian,647.0,56.0,TYPEC,2.0
2019-04-21,1268422.0,55.0,1216.0,388.03,387.03,0.0,0.0,15.0,Pasta,Italian,647.0,56.0,TYPEC,2.0
2019-04-28,1322747.0,55.0,1216.0,388.03,387.03,0.0,0.0,15.0,Pasta,Italian,647.0,56.0,TYPEC,2.0
2019-05-05,1218381.0,55.0,1216.0,387.03,389.03,0.0,0.0,15.0,Pasta,Italian,647.0,56.0,TYPEC,2.0
2019-05-12,1063425.0,55.0,1216.0,388.03,389.03,0.0,0.0,14.0,Pasta,Italian,647.0,56.0,TYPEC,2.0
2019-05-19,1329955.0,55.0,1216.0,387.03,389.03,0.0,0.0,13.0,Pasta,Italian,647.0,56.0,TYPEC,2.0
2019-05-26,1108149.0,55.0,1216.0,388.03,387.03,0.0,0.0,15.0,Pasta,Italian,647.0,56.0,TYPEC,2.0
2019-06-02,1398568.0,55.0,1216.0,387.03,388.03,0.0,0.0,15.0,Pasta,Italian,647.0,56.0,TYPEC,2.0
2019-06-09,1288989.0,55.0,1216.0,387.03,387.03,0.0,0.0,14.0,Pasta,Italian,647.0,56.0,TYPEC,2.0
2019-06-16,1288989.0,55.0,1216.0,387.03,387.03,0.0,0.0,14.0,Pasta,Italian,647.0,56.0,TYPEC,2.0
2019-06-23,1129412.0,55.0,1216.0,388.03,388.03,0.0,0.0,27.0,Pasta,Italian,647.0,56.0,TYPEC,2.0
2019-06-30,1129412.0,55.0,1216.0,388.03,388.03,0.0,0.0,27.0,Pasta,Italian,647.0,56.0,TYPEC,2.0
2019-07-07,1129412.0,55.0,1216.0,388.03,388.03,0.0,0.0,27.0,Pasta,Italian,647.0,56.0,TYPEC,2.0
2019-07-14,1045213.0,55.0,1216.0,388.03,388.03,0.0,0.0,13.0,Pasta,Italian,647.0,56.0,TYPEC,2.0
2019-07-21,1022486.0,55.0,1216.0,389.03,389.03,0.0,0.0,26.0,Pasta,Italian,647.0,56.0,TYPEC,2.0
2019-07-28,1105728.0,55.0,1216.0,387.03,389.03,0.0,0.0,13.0,Pasta,Italian,647.0,56.0,TYPEC,2.0
2019-08-04,1168998.0,55.0,1216.0,389.03,388.03,0.0,0.0,14.0,Pasta,Italian,647.0,56.0,TYPEC,2.0
2019-08-11,1470764.0,55.0,1216.0,387.03,387.03,0.0,0.0,14.0,Pasta,Italian,647.0,56.0,TYPEC,2.0
2019-08-18,1151733.0,55.0,1216.0,389.03,387.03,0.0,0.0,15.0,Pasta,Italian,647.0,56.0,TYPEC,2.0
2019-08-25,1334947.0,55.0,1216.0,389.03,389.03,0.0,0.0,28.0,Pasta,Italian,647.0,56.0,TYPEC,2.0
2019-09-01,1115877.0,55.0,1216.0,387.03,389.03,0.0,0.0,27.0,Pasta,Italian,647.0,56.0,TYPEC,2.0
2019-09-08,1030905.0,55.0,1216.0,387.03,388.03,0.0,0.0,26.0,Pasta,Italian,647.0,56.0,TYPEC,2.0
2019-09-15,1394432.0,55.0,1216.0,388.03,388.03,0.0,0.0,28.0,Pasta,Italian,647.0,56.0,TYPEC,2.0
2019-09-22,1356067.0,55.0,1216.0,387.03,389.03,0.0,0.0,15.0,Pasta,Italian,647.0,56.0,TYPEC,2.0
2019-09-29,1356067.0,55.0,1216.0,387.03,389.03,0.0,0.0,15.0,Pasta,Italian,647.0,56.0,TYPEC,2.0
2019-10-06,1008693.0,55.0,1216.0,389.03,388.03,0.0,0.0,28.0,Pasta,Italian,647.0,56.0,TYPEC,2.0
2019-10-13,1008693.0,55.0,1216.0,389.03,388.03,0.0,0.0,28.0,Pasta,Italian,647.0,56.0,TYPEC,2.0
2019-10-20,1174234.0,55.0,1216.0,416.13,418.13,0.0,0.0,42.0,Pasta,Italian,647.0,56.0,TYPEC,2.0
2019-10-27,1049645.0,55.0,1216.0,339.5,417.13,1.0,0.0,13.0,Pasta,Italian,647.0,56.0,TYPEC,2.0
2019-11-03,1049645.0,55.0,1216.0,339.5,417.13,1.0,0.0,13.0,Pasta,Italian,647.0,56.0,TYPEC,2.0
2019-11-10,1469184.0,55.0,1216.0,340.5,417.13,0.0,0.0,27.0,Pasta,Italian,647.0,56.0,TYPEC,2.0
2019-11-17,1469184.0,55.0,1216.0,340.5,417.13,0.0,0.0,27.0,Pasta,Italian,647.0,56.0,TYPEC,2.0
2019-11-24,1222144.0,55.0,1216.0,339.5,417.13,0.0,0.0,54.0,Pasta,Italian,647.0,56.0,TYPEC,2.0
2019-12-01,1232459.0,55.0,1216.0,417.13,417.13,0.0,0.0,13.0,Pasta,Italian,647.0,56.0,TYPEC,2.0
2019-12-08,1224337.0,55.0,1216.0,418.13,417.13,0.0,0.0,28.0,Pasta,Italian,647.0,56.0,TYPEC,2.0
2019-12-15,1176060.0,55.0,1216.0,417.13,417.13,0.0,0.0,28.0,Pasta,Italian,647.0,56.0,TYPEC,2.0
2019-12-22,1436343.0,55.0,1216.0,290.03,417.13,1.0,0.0,15.0,Pasta,Italian,647.0,56.0,TYPEC,2.0
2019-12-29,1436343.0,55.0,1216.0,290.03,417.13,1.0,0.0,15.0,Pasta,Italian,647.0,56.0,TYPEC,2.0
2020-01-05,1055278.0,55.0,1216.0,292.03,418.13,0.0,0.0,27.0,Pasta,Italian,647.0,56.0,TYPEC,2.0
2020-01-12,1250598.0,55.0,1216.0,292.03,418.13,0.0,0.0,28.0,Pasta,Italian,647.0,56.0,TYPEC,2.0
2020-01-19,1339769.0,55.0,1216.0,387.03,389.03,0.0,0.0,28.0,Pasta,Italian,647.0,56.0,TYPEC,2.0
2020-01-26,1339769.0,55.0,1216.0,387.03,389.03,0.0,0.0,28.0,Pasta,Italian,647.0,56.0,TYPEC,2.0
2020-02-02,1373357.0,55.0,1216.0,387.03,389.03,0.0,0.0,13.0,Pasta,Italian,647.0,56.0,TYPEC,2.0
2020-02-09,1373357.0,55.0,1216.0,387.03,389.03,0.0,0.0,13.0,Pasta,Italian,647.0,56.0,TYPEC,2.0
2020-02-16,1306557.0,55.0,1216.0,389.03,388.03,0.0,0.0,13.0,Pasta,Italian,647.0,56.0,TYPEC,2.0
2020-02-23,1306557.0,55.0,1216.0,389.03,388.03,0.0,0.0,13.0,Pasta,Italian,647.0,56.0,TYPEC,2.0
2020-03-01,1338344.0,55.0,1216.0,341.5,387.03,0.0,0.0,26.0,Pasta,Italian,647.0,56.0,TYPEC,2.0
2020-03-08,1498187.0,55.0,1216.0,341.5,389.03,0.0,0.0,27.0,Pasta,Italian,647.0,56.0,TYPEC,2.0
2020-03-15,1498187.0,55.0,1216.0,341.5,389.03,0.0,0.0,27.0,Pasta,Italian,647.0,56.0,TYPEC,2.0
2020-03-22,1264510.0,55.0,1216.0,341.5,388.03,0.0,0.0,13.0,Pasta,Italian,647.0,56.0,TYPEC,2.0
2020-03-29,1264510.0,55.0,1216.0,341.5,388.03,0.0,0.0,13.0,Pasta,Italian,647.0,56.0,TYPEC,2.0
2020-04-05,1264510.0,55.0,1216.0,341.5,388.03,0.0,0.0,13.0,Pasta,Italian,647.0,56.0,TYPEC,2.0
2020-04-12,1084177.0,55.0,1216.0,418.13,418.13,0.0,0.0,13.0,Pasta,Italian,647.0,56.0,TYPEC,2.0
2020-04-19,1329196.0,55.0,1216.0,418.13,416.13,0.0,0.0,15.0,Pasta,Italian,647.0,56.0,TYPEC,2.0
2020-04-26,1168220.0,55.0,1216.0,416.13,417.13,0.0,0.0,28.0,Pasta,Italian,647.0,56.0,TYPEC,2.0
2020-05-03,1080896.0,55.0,1216.0,416.13,417.13,0.0,0.0,27.0,Pasta,Italian,647.0,56.0,TYPEC,2.0
2020-05-10,1256842.0,55.0,1216.0,417.13,416.13,0.0,0.0,26.0,Pasta,Italian,647.0,56.0,TYPEC,2.0
2020-05-17,1188546.0,55.0,1216.0,417.13,418.13,0.0,0.0,26.0,Pasta,Italian,647.0,56.0,TYPEC,2.0
2020-05-24,1188546.0,55.0,1216.0,417.13,418.13,0.0,0.0,26.0,Pasta,Italian,647.0,56.0,TYPEC,2.0
2020-05-31,1238907.0,55.0,1216.0,417.13,418.13,0.0,0.0,26.0,Pasta,Italian,647.0,56.0,TYPEC,2.0
2020-06-07,1184548.0,55.0,1216.0,417.13,416.13,0.0,0.0,13.0,Pasta,Italian,647.0,56.0,TYPEC,2.0
2020-06-14,1174456.0,55.0,1216.0,418.13,416.13,0.0,0.0,14.0,Pasta,Italian,647.0,56.0,TYPEC,2.0
2020-06-21,1360186.0,55.0,1216.0,478.24,478.24,0.0,0.0,14.0,Pasta,Italian,647.0,56.0,TYPEC,2.0
2020-06-28,1360186.0,55.0,1216.0,478.24,478.24,0.0,0.0,14.0,Pasta,Italian,647.0,56.0,TYPEC,2.0
2020-07-05,1474940.0,55.0,1216.0,339.53,479.24,0.0,0.0,28.0,Pasta,Italian,647.0,56.0,TYPEC,2.0
2020-07-12,1474940.0,55.0,1216.0,339.53,479.24,0.0,0.0,28.0,Pasta,Italian,647.0,56.0,TYPEC,2.0
2020-07-19,1499973.0,55.0,1216.0,339.53,478.24,0.0,0.0,41.0,Pasta,Italian,647.0,56.0,TYPEC,2.0
2020-07-26,1499973.0,55.0,1216.0,339.53,478.24,0.0,0.0,41.0,Pasta,Italian,647.0,56.0,TYPEC,2.0
2020-08-02,1499973.0,55.0,1216.0,339.53,478.24,0.0,0.0,41.0,Pasta,Italian,647.0,56.0,TYPEC,2.0
2020-08-09,1014986.0,55.0,1216.0,435.56,434.56,0.0,0.0,53.0,Pasta,Italian,647.0,56.0,TYPEC,2.0
2020-08-16,1383446.0,55.0,1216.0,435.56,436.56,0.0,0.0,14.0,Pasta,Italian,647.0,56.0,TYPEC,2.0
2020-08-23,1414503.0,55.0,1216.0,435.56,435.56,0.0,0.0,13.0,Pasta,Italian,647.0,56.0,TYPEC,2.0
2020-08-30,1272396.0,55.0,1216.0,434.56,435.56,0.0,0.0,15.0,Pasta,Italian,647.0,56.0,TYPEC,2.0
2020-09-06,1469845.0,55.0,1216.0,435.56,434.56,0.0,0.0,26.0,Pasta,Italian,647.0,56.0,TYPEC,2.0
2020-09-13,1475856.0,55.0,1216.0,436.56,435.56,0.0,0.0,13.0,Pasta,Italian,647.0,56.0,TYPEC,2.0
2020-09-20,1475856.0,55.0,1216.0,436.56,435.56,0.0,0.0,13.0,Pasta,Italian,647.0,56.0,TYPEC,2.0
2020-09-27,1394150.0,55.0,1216.0,435.56,435.56,0.0,0.0,27.0,Pasta,Italian,647.0,56.0,TYPEC,2.0
2020-10-04,1211123.0,55.0,1216.0,340.53,435.56,0.0,0.0,28.0,Pasta,Italian,647.0,56.0,TYPEC,2.0
2020-10-11,1437349.0,55.0,1216.0,338.53,436.56,0.0,0.0,27.0,Pasta,Italian,647.0,56.0,TYPEC,2.0
2020-10-18,1363110.0,55.0,1216.0,436.56,436.56,0.0,0.0,13.0,Pasta,Italian,647.0,56.0,TYPEC,2.0
2020-10-25,1058248.0,55.0,1216.0,436.56,434.56,0.0,0.0,13.0,Pasta,Italian,647.0,56.0,TYPEC,2.0
2020-11-01,1038061.0,55.0,1216.0,291.03,436.56,1.0,0.0,41.0,Pasta,Italian,647.0,56.0,TYPEC,2.0
