psstudio/sampledatasets/Meal_delivery_company.csv
week,id,center_id,meal_id,checkout_price,base_price,emailer_for_promotion,homepage_featured,num_orders,category,cuisine,city_code,region_code,center_type,op_area
2018-02-11,1336534.0,55.0,1445.0,628.62,627.62,0.0,0.0,13.0,Seafood,Continental,647.0,56.0,TYPEC,2.0
2018-02-18,1080497.0,55.0,1445.0,628.62,626.62,0.0,0.0,13.0,Seafood,Continental,647.0,56.0,TYPEC,2.0
2018-02-25,1080497.0,55.0,1445.0,628.62,626.62,0.0,0.0,13.0,Seafood,Continental,647.0,56.0,TYPEC,2.0
2018-03-04,1435769.0,55.0,1445.0,626.62,626.62,0.0,0.0,40.0,Seafood,Continental,647.0,56.0,TYPEC,2.0
2018-03-11,1153026.0,55.0,1445.0,486.03,628.62,1.0,0.0,82.0,Seafood,Continental,647.0,56.0,TYPEC,2.0
2018-03-18,1302961.0,55.0,1445.0,485.03,627.62,0.0,0.0,69.0,Seafood,Continental,647.0,56.0,TYPEC,2.0
2018-03-25,1302961.0,55.0,1445.0,485.03,627.62,0.0,0.0,69.0,Seafood,Continental,647.0,56.0,TYPEC,2.0
2018-04-01,1302961.0,55.0,1445.0,485.03,627.62,0.0,0.0,69.0,Seafood,Continental,647.0,56.0,TYPEC,2.0
2018-04-08,1172166.0,55.0,1445.0,432.62,627.62,1.0,0.0,161.0,Seafood,Continental,647.0,56.0,TYPEC,2.0
2018-04-15,1312982.0,55.0,1445.0,436.53,627.62,1.0,1.0,202.0,Seafood,Continental,647.0,56.0,TYPEC,2.0
2018-04-22,1224837.0,55.0,1445.0,436.53,626.62,0.0,0.0,136.0,Seafood,Continental,647.0,56.0,TYPEC,2.0
2018-04-29,1224837.0,55.0,1445.0,436.53,626.62,0.0,0.0,136.0,Seafood,Continental,647.0,56.0,TYPEC,2.0
2018-05-06,1468676.0,55.0,1445.0,618.86,619.86,0.0,0.0,27.0,Seafood,Continental,647.0,56.0,TYPEC,2.0
2018-05-13,1468676.0,55.0,1445.0,618.86,619.86,0.0,0.0,27.0,Seafood,Continental,647.0,56.0,TYPEC,2.0
2018-05-20,1279169.0,55.0,1445.0,618.86,619.86,0.0,0.0,14.0,Seafood,Continental,647.0,56.0,TYPEC,2.0
2018-05-27,1279169.0,55.0,1445.0,618.86,619.86,0.0,0.0,14.0,Seafood,Continental,647.0,56.0,TYPEC,2.0
2018-06-03,1332829.0,55.0,1445.0,619.86,619.86,0.0,0.0,28.0,Seafood,Continental,647.0,56.0,TYPEC,2.0
2018-06-10,1332829.0,55.0,1445.0,619.86,619.86,0.0,0.0,28.0,Seafood,Continental,647.0,56.0,TYPEC,2.0
2018-06-17,1482040.0,55.0,1445.0,620.86,619.86,0.0,0.0,14.0,Seafood,Continental,647.0,56.0,TYPEC,2.0
2018-06-24,1182546.0,55.0,1445.0,619.86,618.86,0.0,0.0,15.0,Seafood,Continental,647.0,56.0,TYPEC,2.0
2018-07-01,1321208.0,55.0,1445.0,619.86,620.86,0.0,0.0,14.0,Seafood,Continental,647.0,56.0,TYPEC,2.0
2018-07-08,1365749.0,55.0,1445.0,619.86,618.86,0.0,0.0,26.0,Seafood,Continental,647.0,56.0,TYPEC,2.0
2018-07-15,1299074.0,55.0,1445.0,620.86,620.86,0.0,0.0,28.0,Seafood,Continental,647.0,56.0,TYPEC,2.0
2018-07-22,1299074.0,55.0,1445.0,620.86,620.86,0.0,0.0,28.0,Seafood,Continental,647.0,56.0,TYPEC,2.0
2018-07-29,1391707.0,55.0,1445.0,532.53,620.86,0.0,0.0,26.0,Seafood,Continental,647.0,56.0,TYPEC,2.0
2018-08-05,1002643.0,55.0,1445.0,532.53,618.86,0.0,0.0,13.0,Seafood,Continental,647.0,56.0,TYPEC,2.0
2018-08-12,1022193.0,55.0,1445.0,534.53,620.86,0.0,0.0,28.0,Seafood,Continental,647.0,56.0,TYPEC,2.0
2018-08-19,1390125.0,55.0,1445.0,534.53,618.86,0.0,0.0,28.0,Seafood,Continental,647.0,56.0,TYPEC,2.0
2018-08-26,1157300.0,55.0,1445.0,619.86,620.86,0.0,0.0,28.0,Seafood,Continental,647.0,56.0,TYPEC,2.0
2018-09-02,1157300.0,55.0,1445.0,619.86,620.86,0.0,0.0,28.0,Seafood,Continental,647.0,56.0,TYPEC,2.0
2018-09-09,1047824.0,55.0,1445.0,620.86,618.86,0.0,0.0,15.0,Seafood,Continental,647.0,56.0,TYPEC,2.0
2018-09-16,1188243.0,55.0,1445.0,620.86,618.86,0.0,0.0,28.0,Seafood,Continental,647.0,56.0,TYPEC,2.0
2018-09-23,1430998.0,55.0,1445.0,484.03,618.86,1.0,0.0,14.0,Seafood,Continental,647.0,56.0,TYPEC,2.0
2018-09-30,1418446.0,55.0,1445.0,484.03,620.86,0.0,0.0,13.0,Seafood,Continental,647.0,56.0,TYPEC,2.0
2018-10-07,1418446.0,55.0,1445.0,484.03,620.86,0.0,0.0,13.0,Seafood,Continental,647.0,56.0,TYPEC,2.0
2018-10-14,1453896.0,55.0,1445.0,669.33,670.33,0.0,0.0,13.0,Seafood,Continental,647.0,56.0,TYPEC,2.0
2018-10-21,1020619.0,55.0,1445.0,668.33,670.33,0.0,0.0,15.0,Seafood,Continental,647.0,56.0,TYPEC,2.0
2018-10-28,1020619.0,55.0,1445.0,668.33,670.33,0.0,0.0,15.0,Seafood,Continental,647.0,56.0,TYPEC,2.0
2018-11-04,1020619.0,55.0,1445.0,668.33,670.33,0.0,0.0,15.0,Seafood,Continental,647.0,56.0,TYPEC,2.0
2018-11-11,1451637.0,55.0,1445.0,486.03,668.33,1.0,0.0,69.0,Seafood,Continental,647.0,56.0,TYPEC,2.0
2018-11-18,1482445.0,55.0,1445.0,517.07,670.33,1.0,1.0,81.0,Seafood,Continental,647.0,56.0,TYPEC,2.0
2018-11-25,1482445.0,55.0,1445.0,517.07,670.33,1.0,1.0,81.0,Seafood,Continental,647.0,56.0,TYPEC,2.0
2018-12-02,1482445.0,55.0,1445.0,517.07,670.33,1.0,1.0,81.0,Seafood,Continental,647.0,56.0,TYPEC,2.0
2018-12-09,1059205.0,55.0,1445.0,620.86,618.86,0.0,0.0,14.0,Seafood,Continental,647.0,56.0,TYPEC,2.0
2018-12-16,1059205.0,55.0,1445.0,620.86,618.86,0.0,0.0,14.0,Seafood,Continental,647.0,56.0,TYPEC,2.0
2018-12-23,1377284.0,55.0,1445.0,618.86,620.86,0.0,0.0,14.0,Seafood,Continental,647.0,56.0,TYPEC,2.0
2018-12-30,1496370.0,55.0,1445.0,620.86,619.86,0.0,0.0,13.0,Seafood,Continental,647.0,56.0,TYPEC,2.0
2019-01-06,1120319.0,55.0,1445.0,619.86,620.86,0.0,0.0,53.0,Seafood,Continental,647.0,56.0,TYPEC,2.0
2019-01-13,1449052.0,55.0,1445.0,619.86,618.86,0.0,0.0,53.0,Seafood,Continental,647.0,56.0,TYPEC,2.0
2019-01-20,1032267.0,55.0,1445.0,618.86,620.86,0.0,0.0,27.0,Seafood,Continental,647.0,56.0,TYPEC,2.0
2019-01-27,1117299.0,55.0,1445.0,619.86,619.86,0.0,0.0,15.0,Seafood,Continental,647.0,56.0,TYPEC,2.0
2019-02-03,1206969.0,55.0,1445.0,388.03,619.86,1.0,1.0,215.0,Seafood,Continental,647.0,56.0,TYPEC,2.0
2019-02-10,1109066.0,55.0,1445.0,389.03,618.86,1.0,1.0,175.0,Seafood,Continental,647.0,56.0,TYPEC,2.0
2019-02-17,1351588.0,55.0,1445.0,619.86,620.86,0.0,0.0,14.0,Seafood,Continental,647.0,56.0,TYPEC,2.0
2019-02-24,1477674.0,55.0,1445.0,619.86,619.86,0.0,0.0,42.0,Seafood,Continental,647.0,56.0,TYPEC,2.0
2019-03-03,1124759.0,55.0,1445.0,619.86,618.86,0.0,0.0,13.0,Seafood,Continental,647.0,56.0,TYPEC,2.0
2019-03-10,1498465.0,55.0,1445.0,608.19,609.19,0.0,0.0,13.0,Seafood,Continental,647.0,56.0,TYPEC,2.0
2019-03-17,1150073.0,55.0,1445.0,610.19,610.19,0.0,0.0,13.0,Seafood,Continental,647.0,56.0,TYPEC,2.0
2019-03-24,1206056.0,55.0,1445.0,609.19,608.19,0.0,0.0,41.0,Seafood,Continental,647.0,56.0,TYPEC,2.0
2019-03-31,1271161.0,55.0,1445.0,484.03,610.19,1.0,0.0,82.0,Seafood,Continental,647.0,56.0,TYPEC,2.0
2019-04-07,1347583.0,55.0,1445.0,608.19,608.19,0.0,0.0,14.0,Seafood,Continental,647.0,56.0,TYPEC,2.0
2019-04-14,1347583.0,55.0,1445.0,608.19,608.19,0.0,0.0,14.0,Seafood,Continental,647.0,56.0,TYPEC,2.0
2019-04-21,1155175.0,55.0,1445.0,608.19,610.19,0.0,0.0,14.0,Seafood,Continental,647.0,56.0,TYPEC,2.0
2019-04-28,1155175.0,55.0,1445.0,608.19,610.19,0.0,0.0,14.0,Seafood,Continental,647.0,56.0,TYPEC,2.0
2019-05-05,1403964.0,55.0,1445.0,486.03,609.19,1.0,0.0,26.0,Seafood,Continental,647.0,56.0,TYPEC,2.0
2019-05-12,1288603.0,55.0,1445.0,610.19,608.19,0.0,0.0,13.0,Seafood,Continental,647.0,56.0,TYPEC,2.0
2019-05-19,1288603.0,55.0,1445.0,610.19,608.19,0.0,0.0,13.0,Seafood,Continental,647.0,56.0,TYPEC,2.0
2019-05-26,1288603.0,55.0,1445.0,610.19,608.19,0.0,0.0,13.0,Seafood,Continental,647.0,56.0,TYPEC,2.0
2019-06-02,1216800.0,55.0,1445.0,484.03,609.19,1.0,0.0,96.0,Seafood,Continental,647.0,56.0,TYPEC,2.0
2019-06-09,1266925.0,55.0,1445.0,484.03,608.19,0.0,1.0,53.0,Seafood,Continental,647.0,56.0,TYPEC,2.0
2019-06-16,1346685.0,55.0,1445.0,612.13,610.13,0.0,0.0,28.0,Seafood,Continental,647.0,56.0,TYPEC,2.0
2019-06-23,1346685.0,55.0,1445.0,612.13,610.13,0.0,0.0,28.0,Seafood,Continental,647.0,56.0,TYPEC,2.0
2019-06-30,1416621.0,55.0,1445.0,612.13,610.13,0.0,0.0,13.0,Seafood,Continental,647.0,56.0,TYPEC,2.0
2019-07-07,1028367.0,55.0,1445.0,612.13,611.13,0.0,0.0,15.0,Seafood,Continental,647.0,56.0,TYPEC,2.0
2019-07-14,1150685.0,55.0,1445.0,612.13,611.13,0.0,0.0,15.0,Seafood,Continental,647.0,56.0,TYPEC,2.0
2019-07-21,1084116.0,55.0,1445.0,610.13,610.13,0.0,0.0,40.0,Seafood,Continental,647.0,56.0,TYPEC,2.0
2019-07-28,1249217.0,55.0,1445.0,561.63,563.63,0.0,0.0,15.0,Seafood,Continental,647.0,56.0,TYPEC,2.0
2019-08-04,1098907.0,55.0,1445.0,561.63,562.63,0.0,0.0,26.0,Seafood,Continental,647.0,56.0,TYPEC,2.0
2019-08-11,1257994.0,55.0,1445.0,562.63,562.63,0.0,0.0,26.0,Seafood,Continental,647.0,56.0,TYPEC,2.0
2019-08-18,1257994.0,55.0,1445.0,562.63,562.63,0.0,0.0,26.0,Seafood,Continental,647.0,56.0,TYPEC,2.0
2019-08-25,1257994.0,55.0,1445.0,562.63,562.63,0.0,0.0,26.0,Seafood,Continental,647.0,56.0,TYPEC,2.0
2019-09-01,1257994.0,55.0,1445.0,562.63,562.63,0.0,0.0,26.0,Seafood,Continental,647.0,56.0,TYPEC,2.0
2019-09-08,1257994.0,55.0,1445.0,562.63,562.63,0.0,0.0,26.0,Seafood,Continental,647.0,56.0,TYPEC,2.0
2019-09-15,1430732.0,55.0,1445.0,670.33,670.33,0.0,0.0,15.0,Seafood,Continental,647.0,56.0,TYPEC,2.0
2019-09-22,1430732.0,55.0,1445.0,670.33,670.33,0.0,0.0,15.0,Seafood,Continental,647.0,56.0,TYPEC,2.0
2019-09-29,1430732.0,55.0,1445.0,670.33,670.33,0.0,0.0,15.0,Seafood,Continental,647.0,56.0,TYPEC,2.0
2019-10-06,1430732.0,55.0,1445.0,670.33,670.33,0.0,0.0,15.0,Seafood,Continental,647.0,56.0,TYPEC,2.0
2019-10-13,1396612.0,55.0,1445.0,670.33,669.33,0.0,0.0,15.0,Seafood,Continental,647.0,56.0,TYPEC,2.0
2019-10-20,1297668.0,55.0,1445.0,668.33,668.33,0.0,0.0,27.0,Seafood,Continental,647.0,56.0,TYPEC,2.0
2019-10-27,1425851.0,55.0,1445.0,435.53,668.33,1.0,0.0,94.0,Seafood,Continental,647.0,56.0,TYPEC,2.0
2019-11-03,1308620.0,55.0,1445.0,435.53,668.33,1.0,0.0,80.0,Seafood,Continental,647.0,56.0,TYPEC,2.0
2019-11-10,1342056.0,55.0,1445.0,668.33,669.33,0.0,0.0,27.0,Seafood,Continental,647.0,56.0,TYPEC,2.0
2019-11-17,1342056.0,55.0,1445.0,668.33,669.33,0.0,0.0,27.0,Seafood,Continental,647.0,56.0,TYPEC,2.0
2019-11-24,1102591.0,55.0,1445.0,435.56,668.33,1.0,1.0,67.0,Seafood,Continental,647.0,56.0,TYPEC,2.0
2019-12-01,1309615.0,55.0,1445.0,436.56,670.33,1.0,1.0,81.0,Seafood,Continental,647.0,56.0,TYPEC,2.0
2019-12-08,1388342.0,55.0,1445.0,669.33,669.33,0.0,0.0,40.0,Seafood,Continental,647.0,56.0,TYPEC,2.0
2019-12-15,1103200.0,55.0,1445.0,668.33,670.33,0.0,0.0,27.0,Seafood,Continental,647.0,56.0,TYPEC,2.0
2019-12-22,1167135.0,55.0,1445.0,668.33,670.33,0.0,0.0,14.0,Seafood,Continental,647.0,56.0,TYPEC,2.0
2019-12-29,1167135.0,55.0,1445.0,668.33,670.33,0.0,0.0,14.0,Seafood,Continental,647.0,56.0,TYPEC,2.0
2020-01-05,1287418.0,55.0,1445.0,435.53,669.33,0.0,0.0,136.0,Seafood,Continental,647.0,56.0,TYPEC,2.0
2020-01-12,1385843.0,55.0,1445.0,437.53,670.33,1.0,0.0,41.0,Seafood,Continental,647.0,56.0,TYPEC,2.0
2020-01-19,1407384.0,55.0,1445.0,670.33,668.33,0.0,0.0,14.0,Seafood,Continental,647.0,56.0,TYPEC,2.0
2020-01-26,1407384.0,55.0,1445.0,670.33,668.33,0.0,0.0,14.0,Seafood,Continental,647.0,56.0,TYPEC,2.0
2020-02-02,1407384.0,55.0,1445.0,670.33,668.33,0.0,0.0,14.0,Seafood,Continental,647.0,56.0,TYPEC,2.0
2020-02-09,1121132.0,55.0,1445.0,668.33,668.33,0.0,0.0,28.0,Seafood,Continental,647.0,56.0,TYPEC,2.0
2020-02-16,1069606.0,55.0,1445.0,454.93,668.33,0.0,1.0,108.0,Seafood,Continental,647.0,56.0,TYPEC,2.0
2020-02-23,1052312.0,55.0,1445.0,455.93,668.33,1.0,0.0,67.0,Seafood,Continental,647.0,56.0,TYPEC,2.0
2020-03-01,1052312.0,55.0,1445.0,455.93,668.33,1.0,0.0,67.0,Seafood,Continental,647.0,56.0,TYPEC,2.0
2020-03-08,1067494.0,55.0,1445.0,668.33,670.33,0.0,0.0,27.0,Seafood,Continental,647.0,56.0,TYPEC,2.0
2020-03-15,1383056.0,55.0,1445.0,670.33,670.33,0.0,0.0,27.0,Seafood,Continental,647.0,56.0,TYPEC,2.0
2020-03-22,1383056.0,55.0,1445.0,670.33,670.33,0.0,0.0,27.0,Seafood,Continental,647.0,56.0,TYPEC,2.0
2020-03-29,1070807.0,55.0,1445.0,668.33,669.33,0.0,0.0,40.0,Seafood,Continental,647.0,56.0,TYPEC,2.0
2020-04-05,1170810.0,55.0,1445.0,670.33,668.33,0.0,0.0,14.0,Seafood,Continental,647.0,56.0,TYPEC,2.0
2020-04-12,1170810.0,55.0,1445.0,670.33,668.33,0.0,0.0,14.0,Seafood,Continental,647.0,56.0,TYPEC,2.0
2020-04-19,1170810.0,55.0,1445.0,670.33,668.33,0.0,0.0,14.0,Seafood,Continental,647.0,56.0,TYPEC,2.0
2020-04-26,1290675.0,55.0,1445.0,688.73,687.73,0.0,0.0,27.0,Seafood,Continental,647.0,56.0,TYPEC,2.0
2020-05-03,1357064.0,55.0,1445.0,688.73,688.73,0.0,0.0,15.0,Seafood,Continental,647.0,56.0,TYPEC,2.0
2020-05-10,1282696.0,55.0,1445.0,689.73,687.73,0.0,0.0,27.0,Seafood,Continental,647.0,56.0,TYPEC,2.0
2020-05-17,1442353.0,55.0,1445.0,689.73,687.73,0.0,0.0,15.0,Seafood,Continental,647.0,56.0,TYPEC,2.0
2020-05-24,1442353.0,55.0,1445.0,689.73,687.73,0.0,0.0,15.0,Seafood,Continental,647.0,56.0,TYPEC,2.0
2020-05-31,1223832.0,55.0,1445.0,687.73,687.73,0.0,0.0,14.0,Seafood,Continental,647.0,56.0,TYPEC,2.0
2020-06-07,1254176.0,55.0,1445.0,461.78,687.73,1.0,0.0,243.0,Seafood,Continental,647.0,56.0,TYPEC,2.0
2020-06-14,1100101.0,55.0,1445.0,471.45,687.73,1.0,1.0,243.0,Seafood,Continental,647.0,56.0,TYPEC,2.0
2020-06-21,1345881.0,55.0,1445.0,689.73,689.73,0.0,0.0,15.0,Seafood,Continental,647.0,56.0,TYPEC,2.0
2020-06-28,1345881.0,55.0,1445.0,689.73,689.73,0.0,0.0,15.0,Seafood,Continental,647.0,56.0,TYPEC,2.0
2020-07-05,1345881.0,55.0,1445.0,689.73,689.73,0.0,0.0,15.0,Seafood,Continental,647.0,56.0,TYPEC,2.0
2020-07-12,1299067.0,55.0,1445.0,689.73,689.73,0.0,0.0,40.0,Seafood,Continental,647.0,56.0,TYPEC,2.0
2020-07-19,1299067.0,55.0,1445.0,689.73,689.73,0.0,0.0,40.0,Seafood,Continental,647.0,56.0,TYPEC,2.0
2020-07-26,1081084.0,55.0,1445.0,718.83,717.83,0.0,0.0,13.0,Seafood,Continental,647.0,56.0,TYPEC,2.0
2020-08-02,1243520.0,55.0,1445.0,727.53,727.53,0.0,0.0,26.0,Seafood,Continental,647.0,56.0,TYPEC,2.0
2020-08-09,1235093.0,55.0,1445.0,727.53,726.53,0.0,0.0,15.0,Seafood,Continental,647.0,56.0,TYPEC,2.0
2020-08-16,1434792.0,55.0,1445.0,728.53,727.53,0.0,0.0,26.0,Seafood,Continental,647.0,56.0,TYPEC,2.0
2020-08-23,1284442.0,55.0,1445.0,485.03,727.53,1.0,0.0,14.0,Seafood,Continental,647.0,56.0,TYPEC,2.0
2020-08-30,1223292.0,55.0,1445.0,486.03,727.53,1.0,0.0,67.0,Seafood,Continental,647.0,56.0,TYPEC,2.0
2020-09-06,1134818.0,55.0,1445.0,726.53,727.53,0.0,0.0,81.0,Seafood,Continental,647.0,56.0,TYPEC,2.0
2020-09-13,1427878.0,55.0,1445.0,727.53,728.53,0.0,0.0,15.0,Seafood,Continental,647.0,56.0,TYPEC,2.0
2020-09-20,1427878.0,55.0,1445.0,727.53,728.53,0.0,0.0,15.0,Seafood,Continental,647.0,56.0,TYPEC,2.0
2020-09-27,1427878.0,55.0,1445.0,727.53,728.53,0.0,0.0,15.0,Seafood,Continental,647.0,56.0,TYPEC,2.0
2020-10-04,1427878.0,55.0,1445.0,727.53,728.53,0.0,0.0,15.0,Seafood,Continental,647.0,56.0,TYPEC,2.0
2020-10-11,1427878.0,55.0,1445.0,727.53,728.53,0.0,0.0,15.0,Seafood,Continental,647.0,56.0,TYPEC,2.0
2020-10-18,1427878.0,55.0,1445.0,727.53,728.53,0.0,0.0,15.0,Seafood,Continental,647.0,56.0,TYPEC,2.0
2020-10-25,1427878.0,55.0,1445.0,727.53,728.53,0.0,0.0,15.0,Seafood,Continental,647.0,56.0,TYPEC,2.0
2020-11-01,1020520.0,55.0,1445.0,486.03,728.53,0.0,0.0,14.0,Seafood,Continental,647.0,56.0,TYPEC,2.0
2020-11-08,1019928.0,55.0,1445.0,486.03,728.53,1.0,0.0,40.0,Seafood,Continental,647.0,56.0,TYPEC,2.0
