psstudio/sampledatasets/Meal_delivery_company.csv
week,id,center_id,meal_id,checkout_price,base_price,emailer_for_promotion,homepage_featured,num_orders,category,cuisine,city_code,region_code,center_type,op_area
2019-04-21,1354496.0,55.0,1571.0,631.53,630.53,0.0,0.0,28.0,Fish,Continental,647.0,56.0,TYPEC,2.0
2019-04-28,1026181.0,55.0,1571.0,629.53,629.53,0.0,0.0,40.0,Fish,Continental,647.0,56.0,TYPEC,2.0
2019-05-05,1344135.0,55.0,1571.0,631.53,630.53,0.0,0.0,42.0,Fish,Continental,647.0,56.0,TYPEC,2.0
2019-05-12,1072821.0,55.0,1571.0,630.53,629.53,0.0,0.0,13.0,Fish,Continental,647.0,56.0,TYPEC,2.0
2019-05-19,1072821.0,55.0,1571.0,630.53,629.53,0.0,0.0,13.0,Fish,Continental,647.0,56.0,TYPEC,2.0
2019-05-26,1300281.0,55.0,1571.0,630.53,629.53,0.0,0.0,28.0,Fish,Continental,647.0,56.0,TYPEC,2.0
2019-06-02,1300281.0,55.0,1571.0,630.53,629.53,0.0,0.0,28.0,Fish,Continental,647.0,56.0,TYPEC,2.0
2019-06-09,1300281.0,55.0,1571.0,630.53,629.53,0.0,0.0,28.0,Fish,Continental,647.0,56.0,TYPEC,2.0
2019-06-16,1358625.0,55.0,1571.0,630.53,630.53,0.0,0.0,13.0,Fish,Continental,647.0,56.0,TYPEC,2.0
2019-06-23,1358625.0,55.0,1571.0,630.53,630.53,0.0,0.0,13.0,Fish,Continental,647.0,56.0,TYPEC,2.0
2019-06-30,1008003.0,55.0,1571.0,613.04,614.04,0.0,0.0,40.0,Fish,Continental,647.0,56.0,TYPEC,2.0
2019-07-07,1125281.0,55.0,1571.0,605.28,606.28,0.0,0.0,28.0,Fish,Continental,647.0,56.0,TYPEC,2.0
2019-07-14,1281597.0,55.0,1571.0,583.03,583.03,0.0,0.0,13.0,Fish,Continental,647.0,56.0,TYPEC,2.0
2019-07-21,1128487.0,55.0,1571.0,581.03,583.03,0.0,0.0,15.0,Fish,Continental,647.0,56.0,TYPEC,2.0
2019-07-28,1435319.0,55.0,1571.0,582.03,583.03,0.0,0.0,28.0,Fish,Continental,647.0,56.0,TYPEC,2.0
2019-08-04,1435319.0,55.0,1571.0,582.03,583.03,0.0,0.0,28.0,Fish,Continental,647.0,56.0,TYPEC,2.0
2019-08-11,1069352.0,55.0,1571.0,583.03,581.03,0.0,0.0,14.0,Fish,Continental,647.0,56.0,TYPEC,2.0
2019-08-18,1438652.0,55.0,1571.0,583.03,583.03,0.0,0.0,13.0,Fish,Continental,647.0,56.0,TYPEC,2.0
2019-08-25,1438652.0,55.0,1571.0,583.03,583.03,0.0,0.0,13.0,Fish,Continental,647.0,56.0,TYPEC,2.0
2019-09-01,1400536.0,55.0,1571.0,581.03,581.03,0.0,0.0,13.0,Fish,Continental,647.0,56.0,TYPEC,2.0
2019-09-08,1180753.0,55.0,1571.0,582.03,582.03,0.0,0.0,27.0,Fish,Continental,647.0,56.0,TYPEC,2.0
2019-09-15,1001153.0,55.0,1571.0,581.03,583.03,0.0,0.0,13.0,Fish,Continental,647.0,56.0,TYPEC,2.0
2019-09-22,1037015.0,55.0,1571.0,581.03,581.03,0.0,0.0,28.0,Fish,Continental,647.0,56.0,TYPEC,2.0
2019-09-29,1037015.0,55.0,1571.0,581.03,581.03,0.0,0.0,28.0,Fish,Continental,647.0,56.0,TYPEC,2.0
2019-10-06,1375050.0,55.0,1571.0,581.03,583.03,0.0,0.0,15.0,Fish,Continental,647.0,56.0,TYPEC,2.0
2019-10-13,1059234.0,55.0,1571.0,583.03,583.03,0.0,0.0,14.0,Fish,Continental,647.0,56.0,TYPEC,2.0
2019-10-20,1237463.0,55.0,1571.0,583.03,582.03,0.0,0.0,28.0,Fish,Continental,647.0,56.0,TYPEC,2.0
2019-10-27,1237463.0,55.0,1571.0,583.03,582.03,0.0,0.0,28.0,Fish,Continental,647.0,56.0,TYPEC,2.0
2019-11-03,1342981.0,55.0,1571.0,582.03,581.03,0.0,0.0,15.0,Fish,Continental,647.0,56.0,TYPEC,2.0
2019-11-10,1342981.0,55.0,1571.0,582.03,581.03,0.0,0.0,15.0,Fish,Continental,647.0,56.0,TYPEC,2.0
2019-11-17,1342981.0,55.0,1571.0,582.03,581.03,0.0,0.0,15.0,Fish,Continental,647.0,56.0,TYPEC,2.0
2019-11-24,1342981.0,55.0,1571.0,582.03,581.03,0.0,0.0,15.0,Fish,Continental,647.0,56.0,TYPEC,2.0
2019-12-01,1222301.0,55.0,1571.0,581.03,583.03,0.0,0.0,26.0,Fish,Continental,647.0,56.0,TYPEC,2.0
2019-12-08,1125196.0,55.0,1571.0,581.03,583.03,0.0,0.0,14.0,Fish,Continental,647.0,56.0,TYPEC,2.0
2019-12-15,1000497.0,55.0,1571.0,583.03,581.03,0.0,0.0,27.0,Fish,Continental,647.0,56.0,TYPEC,2.0
2019-12-22,1046705.0,55.0,1571.0,582.03,583.03,0.0,0.0,28.0,Fish,Continental,647.0,56.0,TYPEC,2.0
2019-12-29,1046705.0,55.0,1571.0,582.03,583.03,0.0,0.0,28.0,Fish,Continental,647.0,56.0,TYPEC,2.0
2020-01-05,1378056.0,55.0,1571.0,484.03,582.03,0.0,0.0,28.0,Fish,Continental,647.0,56.0,TYPEC,2.0
2020-01-12,1095054.0,55.0,1571.0,484.03,582.03,0.0,0.0,42.0,Fish,Continental,647.0,56.0,TYPEC,2.0
2020-01-19,1095054.0,55.0,1571.0,484.03,582.03,0.0,0.0,42.0,Fish,Continental,647.0,56.0,TYPEC,2.0
2020-01-26,1095054.0,55.0,1571.0,484.03,582.03,0.0,0.0,42.0,Fish,Continental,647.0,56.0,TYPEC,2.0
2020-02-02,1095054.0,55.0,1571.0,484.03,582.03,0.0,0.0,42.0,Fish,Continental,647.0,56.0,TYPEC,2.0
2020-02-09,1128760.0,55.0,1571.0,581.03,581.03,0.0,0.0,14.0,Fish,Continental,647.0,56.0,TYPEC,2.0
2020-02-16,1083492.0,55.0,1571.0,583.03,581.03,0.0,0.0,40.0,Fish,Continental,647.0,56.0,TYPEC,2.0
2020-02-23,1083492.0,55.0,1571.0,583.03,581.03,0.0,0.0,40.0,Fish,Continental,647.0,56.0,TYPEC,2.0
2020-03-01,1083492.0,55.0,1571.0,583.03,581.03,0.0,0.0,40.0,Fish,Continental,647.0,56.0,TYPEC,2.0
2020-03-08,1480873.0,55.0,1571.0,583.03,582.03,0.0,0.0,14.0,Fish,Continental,647.0,56.0,TYPEC,2.0
2020-03-15,1480873.0,55.0,1571.0,583.03,582.03,0.0,0.0,14.0,Fish,Continental,647.0,56.0,TYPEC,2.0
2020-03-22,1048628.0,55.0,1571.0,583.03,583.03,0.0,0.0,13.0,Fish,Continental,647.0,56.0,TYPEC,2.0
2020-03-29,1438237.0,55.0,1571.0,583.03,581.03,0.0,0.0,15.0,Fish,Continental,647.0,56.0,TYPEC,2.0
2020-04-05,1421526.0,55.0,1571.0,582.03,582.03,0.0,0.0,15.0,Fish,Continental,647.0,56.0,TYPEC,2.0
2020-04-12,1421526.0,55.0,1571.0,582.03,582.03,0.0,0.0,15.0,Fish,Continental,647.0,56.0,TYPEC,2.0
2020-04-19,1421526.0,55.0,1571.0,582.03,582.03,0.0,0.0,15.0,Fish,Continental,647.0,56.0,TYPEC,2.0
2020-04-26,1029047.0,55.0,1571.0,582.03,582.03,0.0,0.0,14.0,Fish,Continental,647.0,56.0,TYPEC,2.0
2020-05-03,1178219.0,55.0,1571.0,581.03,582.03,0.0,0.0,14.0,Fish,Continental,647.0,56.0,TYPEC,2.0
2020-05-10,1136734.0,55.0,1571.0,582.03,581.03,0.0,0.0,13.0,Fish,Continental,647.0,56.0,TYPEC,2.0
2020-05-17,1136734.0,55.0,1571.0,582.03,581.03,0.0,0.0,13.0,Fish,Continental,647.0,56.0,TYPEC,2.0
2020-05-24,1361180.0,55.0,1571.0,583.03,582.03,0.0,0.0,26.0,Fish,Continental,647.0,56.0,TYPEC,2.0
2020-05-31,1472454.0,55.0,1571.0,583.03,581.03,0.0,0.0,26.0,Fish,Continental,647.0,56.0,TYPEC,2.0
2020-06-07,1472454.0,55.0,1571.0,583.03,581.03,0.0,0.0,26.0,Fish,Continental,647.0,56.0,TYPEC,2.0
2020-06-14,1472454.0,55.0,1571.0,583.03,581.03,0.0,0.0,26.0,Fish,Continental,647.0,56.0,TYPEC,2.0
2020-06-21,1472454.0,55.0,1571.0,583.03,581.03,0.0,0.0,26.0,Fish,Continental,647.0,56.0,TYPEC,2.0
2020-06-28,1380812.0,55.0,1571.0,581.03,583.03,0.0,0.0,15.0,Fish,Continental,647.0,56.0,TYPEC,2.0
2020-07-05,1468336.0,55.0,1571.0,629.53,630.53,0.0,0.0,13.0,Fish,Continental,647.0,56.0,TYPEC,2.0
2020-07-12,1468336.0,55.0,1571.0,629.53,630.53,0.0,0.0,13.0,Fish,Continental,647.0,56.0,TYPEC,2.0
2020-07-19,1468336.0,55.0,1571.0,629.53,630.53,0.0,0.0,13.0,Fish,Continental,647.0,56.0,TYPEC,2.0
2020-07-26,1378337.0,55.0,1571.0,437.53,630.53,0.0,0.0,14.0,Fish,Continental,647.0,56.0,TYPEC,2.0
2020-08-02,1494383.0,55.0,1571.0,436.53,631.53,1.0,0.0,14.0,Fish,Continental,647.0,56.0,TYPEC,2.0
2020-08-09,1493383.0,55.0,1571.0,435.53,630.53,1.0,0.0,15.0,Fish,Continental,647.0,56.0,TYPEC,2.0
2020-08-16,1211126.0,55.0,1571.0,436.53,630.53,0.0,0.0,40.0,Fish,Continental,647.0,56.0,TYPEC,2.0
2020-08-23,1094446.0,55.0,1571.0,583.03,582.03,0.0,0.0,15.0,Fish,Continental,647.0,56.0,TYPEC,2.0
2020-08-30,1449603.0,55.0,1571.0,581.03,583.03,0.0,0.0,13.0,Fish,Continental,647.0,56.0,TYPEC,2.0
2020-09-06,1449603.0,55.0,1571.0,581.03,583.03,0.0,0.0,13.0,Fish,Continental,647.0,56.0,TYPEC,2.0
2020-09-13,1449603.0,55.0,1571.0,581.03,583.03,0.0,0.0,13.0,Fish,Continental,647.0,56.0,TYPEC,2.0
2020-09-20,1449603.0,55.0,1571.0,581.03,583.03,0.0,0.0,13.0,Fish,Continental,647.0,56.0,TYPEC,2.0
2020-09-27,1363885.0,55.0,1571.0,631.53,630.53,0.0,0.0,13.0,Fish,Continental,647.0,56.0,TYPEC,2.0
2020-10-04,1394156.0,55.0,1571.0,485.03,629.53,0.0,0.0,26.0,Fish,Continental,647.0,56.0,TYPEC,2.0
2020-10-11,1462889.0,55.0,1571.0,486.03,630.53,0.0,0.0,15.0,Fish,Continental,647.0,56.0,TYPEC,2.0
2020-10-18,1462889.0,55.0,1571.0,486.03,630.53,0.0,0.0,15.0,Fish,Continental,647.0,56.0,TYPEC,2.0
2020-10-25,1462889.0,55.0,1571.0,486.03,630.53,0.0,0.0,15.0,Fish,Continental,647.0,56.0,TYPEC,2.0
2020-11-01,1421363.0,55.0,1571.0,592.73,592.73,0.0,0.0,14.0,Fish,Continental,647.0,56.0,TYPEC,2.0
2020-11-08,1255470.0,55.0,1571.0,590.73,591.73,0.0,0.0,15.0,Fish,Continental,647.0,56.0,TYPEC,2.0
2020-11-15,1498532.0,55.0,1571.0,640.23,639.23,0.0,0.0,28.0,Fish,Continental,647.0,56.0,TYPEC,2.0
