psstudio/sampledatasets/Meal_delivery_company.csv
week,id,center_id,meal_id,checkout_price,base_price,emailer_for_promotion,homepage_featured,num_orders,category,cuisine,city_code,region_code,center_type,op_area
2018-04-08,1192252.0,55.0,1770.0,485.03,484.03,0.0,0.0,15.0,Biryani,Indian,647.0,56.0,TYPEC,2.0
2018-04-15,1192252.0,55.0,1770.0,485.03,484.03,0.0,0.0,15.0,Biryani,Indian,647.0,56.0,TYPEC,2.0
2018-04-22,1192252.0,55.0,1770.0,485.03,484.03,0.0,0.0,15.0,Biryani,Indian,647.0,56.0,TYPEC,2.0
2018-04-29,1192252.0,55.0,1770.0,485.03,484.03,0.0,0.0,15.0,Biryani,Indian,647.0,56.0,TYPEC,2.0
2018-05-06,1192252.0,55.0,1770.0,485.03,484.03,0.0,0.0,15.0,Biryani,Indian,647.0,56.0,TYPEC,2.0
2018-05-13,1192252.0,55.0,1770.0,485.03,484.03,0.0,0.0,15.0,Biryani,Indian,647.0,56.0,TYPEC,2.0
2018-05-20,1192252.0,55.0,1770.0,485.03,484.03,0.0,0.0,15.0,Biryani,Indian,647.0,56.0,TYPEC,2.0
2018-05-27,1192252.0,55.0,1770.0,485.03,484.03,0.0,0.0,15.0,Biryani,Indian,647.0,56.0,TYPEC,2.0
2018-06-03,1192252.0,55.0,1770.0,485.03,484.03,0.0,0.0,15.0,Biryani,Indian,647.0,56.0,TYPEC,2.0
2018-06-10,1192252.0,55.0,1770.0,485.03,484.03,0.0,0.0,15.0,Biryani,Indian,647.0,56.0,TYPEC,2.0
2018-06-17,1192252.0,55.0,1770.0,485.03,484.03,0.0,0.0,15.0,Biryani,Indian,647.0,56.0,TYPEC,2.0
2018-06-24,1192252.0,55.0,1770.0,485.03,484.03,0.0,0.0,15.0,Biryani,Indian,647.0,56.0,TYPEC,2.0
2018-07-01,1192252.0,55.0,1770.0,485.03,484.03,0.0,0.0,15.0,Biryani,Indian,647.0,56.0,TYPEC,2.0
2018-07-08,1192252.0,55.0,1770.0,485.03,484.03,0.0,0.0,15.0,Biryani,Indian,647.0,56.0,TYPEC,2.0
2018-07-15,1192252.0,55.0,1770.0,485.03,484.03,0.0,0.0,15.0,Biryani,Indian,647.0,56.0,TYPEC,2.0
2018-07-22,1192252.0,55.0,1770.0,485.03,484.03,0.0,0.0,15.0,Biryani,Indian,647.0,56.0,TYPEC,2.0
2018-07-29,1192252.0,55.0,1770.0,485.03,484.03,0.0,0.0,15.0,Biryani,Indian,647.0,56.0,TYPEC,2.0
2018-08-05,1192252.0,55.0,1770.0,485.03,484.03,0.0,0.0,15.0,Biryani,Indian,647.0,56.0,TYPEC,2.0
2018-08-12,1192252.0,55.0,1770.0,485.03,484.03,0.0,0.0,15.0,Biryani,Indian,647.0,56.0,TYPEC,2.0
2018-08-19,1309508.0,55.0,1770.0,485.03,485.03,0.0,0.0,15.0,Biryani,Indian,647.0,56.0,TYPEC,2.0
2018-08-26,1309508.0,55.0,1770.0,485.03,485.03,0.0,0.0,15.0,Biryani,Indian,647.0,56.0,TYPEC,2.0
2018-09-02,1309508.0,55.0,1770.0,485.03,485.03,0.0,0.0,15.0,Biryani,Indian,647.0,56.0,TYPEC,2.0
2018-09-09,1309508.0,55.0,1770.0,485.03,485.03,0.0,0.0,15.0,Biryani,Indian,647.0,56.0,TYPEC,2.0
2018-09-16,1309508.0,55.0,1770.0,485.03,485.03,0.0,0.0,15.0,Biryani,Indian,647.0,56.0,TYPEC,2.0
2018-09-23,1309508.0,55.0,1770.0,485.03,485.03,0.0,0.0,15.0,Biryani,Indian,647.0,56.0,TYPEC,2.0
2018-09-30,1309508.0,55.0,1770.0,485.03,485.03,0.0,0.0,15.0,Biryani,Indian,647.0,56.0,TYPEC,2.0
2018-10-07,1309508.0,55.0,1770.0,485.03,485.03,0.0,0.0,15.0,Biryani,Indian,647.0,56.0,TYPEC,2.0
2018-10-14,1309508.0,55.0,1770.0,485.03,485.03,0.0,0.0,15.0,Biryani,Indian,647.0,56.0,TYPEC,2.0
2018-10-21,1309508.0,55.0,1770.0,485.03,485.03,0.0,0.0,15.0,Biryani,Indian,647.0,56.0,TYPEC,2.0
2018-10-28,1309508.0,55.0,1770.0,485.03,485.03,0.0,0.0,15.0,Biryani,Indian,647.0,56.0,TYPEC,2.0
2018-11-04,1309508.0,55.0,1770.0,485.03,485.03,0.0,0.0,15.0,Biryani,Indian,647.0,56.0,TYPEC,2.0
2018-11-11,1309508.0,55.0,1770.0,485.03,485.03,0.0,0.0,15.0,Biryani,Indian,647.0,56.0,TYPEC,2.0
2018-11-18,1309508.0,55.0,1770.0,485.03,485.03,0.0,0.0,15.0,Biryani,Indian,647.0,56.0,TYPEC,2.0
2018-11-25,1309508.0,55.0,1770.0,485.03,485.03,0.0,0.0,15.0,Biryani,Indian,647.0,56.0,TYPEC,2.0
2018-12-02,1309508.0,55.0,1770.0,485.03,485.03,0.0,0.0,15.0,Biryani,Indian,647.0,56.0,TYPEC,2.0
2018-12-09,1309508.0,55.0,1770.0,485.03,485.03,0.0,0.0,15.0,Biryani,Indian,647.0,56.0,TYPEC,2.0
2018-12-16,1309508.0,55.0,1770.0,485.03,485.03,0.0,0.0,15.0,Biryani,Indian,647.0,56.0,TYPEC,2.0
2018-12-23,1309508.0,55.0,1770.0,485.03,485.03,0.0,0.0,15.0,Biryani,Indian,647.0,56.0,TYPEC,2.0
2018-12-30,1309508.0,55.0,1770.0,485.03,485.03,0.0,0.0,15.0,Biryani,Indian,647.0,56.0,TYPEC,2.0
2019-01-06,1309508.0,55.0,1770.0,485.03,485.03,0.0,0.0,15.0,Biryani,Indian,647.0,56.0,TYPEC,2.0
2019-01-13,1309508.0,55.0,1770.0,485.03,485.03,0.0,0.0,15.0,Biryani,Indian,647.0,56.0,TYPEC,2.0
2019-01-20,1309508.0,55.0,1770.0,485.03,485.03,0.0,0.0,15.0,Biryani,Indian,647.0,56.0,TYPEC,2.0
2019-01-27,1309508.0,55.0,1770.0,485.03,485.03,0.0,0.0,15.0,Biryani,Indian,647.0,56.0,TYPEC,2.0
2019-02-03,1309508.0,55.0,1770.0,485.03,485.03,0.0,0.0,15.0,Biryani,Indian,647.0,56.0,TYPEC,2.0
2019-02-10,1309508.0,55.0,1770.0,485.03,485.03,0.0,0.0,15.0,Biryani,Indian,647.0,56.0,TYPEC,2.0
2019-02-17,1309508.0,55.0,1770.0,485.03,485.03,0.0,0.0,15.0,Biryani,Indian,647.0,56.0,TYPEC,2.0
2019-02-24,1309508.0,55.0,1770.0,485.03,485.03,0.0,0.0,15.0,Biryani,Indian,647.0,56.0,TYPEC,2.0
2019-03-03,1309508.0,55.0,1770.0,485.03,485.03,0.0,0.0,15.0,Biryani,Indian,647.0,56.0,TYPEC,2.0
2019-03-10,1309508.0,55.0,1770.0,485.03,485.03,0.0,0.0,15.0,Biryani,Indian,647.0,56.0,TYPEC,2.0
2019-03-17,1309508.0,55.0,1770.0,485.03,485.03,0.0,0.0,15.0,Biryani,Indian,647.0,56.0,TYPEC,2.0
2019-03-24,1226519.0,55.0,1770.0,485.03,484.03,0.0,0.0,27.0,Biryani,Indian,647.0,56.0,TYPEC,2.0
2019-03-31,1226519.0,55.0,1770.0,485.03,484.03,0.0,0.0,27.0,Biryani,Indian,647.0,56.0,TYPEC,2.0
2019-04-07,1264465.0,55.0,1770.0,486.03,485.03,0.0,0.0,14.0,Biryani,Indian,647.0,56.0,TYPEC,2.0
2019-04-14,1264465.0,55.0,1770.0,486.03,485.03,0.0,0.0,14.0,Biryani,Indian,647.0,56.0,TYPEC,2.0
2019-04-21,1264465.0,55.0,1770.0,486.03,485.03,0.0,0.0,14.0,Biryani,Indian,647.0,56.0,TYPEC,2.0
2019-04-28,1264465.0,55.0,1770.0,486.03,485.03,0.0,0.0,14.0,Biryani,Indian,647.0,56.0,TYPEC,2.0
2019-05-05,1276209.0,55.0,1770.0,485.03,484.03,0.0,0.0,13.0,Biryani,Indian,647.0,56.0,TYPEC,2.0
2019-05-12,1276209.0,55.0,1770.0,485.03,484.03,0.0,0.0,13.0,Biryani,Indian,647.0,56.0,TYPEC,2.0
2019-05-19,1276209.0,55.0,1770.0,485.03,484.03,0.0,0.0,13.0,Biryani,Indian,647.0,56.0,TYPEC,2.0
2019-05-26,1276209.0,55.0,1770.0,485.03,484.03,0.0,0.0,13.0,Biryani,Indian,647.0,56.0,TYPEC,2.0
2019-06-02,1276209.0,55.0,1770.0,485.03,484.03,0.0,0.0,13.0,Biryani,Indian,647.0,56.0,TYPEC,2.0
2019-06-09,1276209.0,55.0,1770.0,485.03,484.03,0.0,0.0,13.0,Biryani,Indian,647.0,56.0,TYPEC,2.0
2019-06-16,1276209.0,55.0,1770.0,485.03,484.03,0.0,0.0,13.0,Biryani,Indian,647.0,56.0,TYPEC,2.0
2019-06-23,1276209.0,55.0,1770.0,485.03,484.03,0.0,0.0,13.0,Biryani,Indian,647.0,56.0,TYPEC,2.0
2019-06-30,1276209.0,55.0,1770.0,485.03,484.03,0.0,0.0,13.0,Biryani,Indian,647.0,56.0,TYPEC,2.0
2019-07-07,1276209.0,55.0,1770.0,485.03,484.03,0.0,0.0,13.0,Biryani,Indian,647.0,56.0,TYPEC,2.0
2019-07-14,1056044.0,55.0,1770.0,484.03,485.03,0.0,0.0,13.0,Biryani,Indian,647.0,56.0,TYPEC,2.0
2019-07-21,1385212.0,55.0,1770.0,484.03,484.03,0.0,0.0,13.0,Biryani,Indian,647.0,56.0,TYPEC,2.0
2019-07-28,1385212.0,55.0,1770.0,484.03,484.03,0.0,0.0,13.0,Biryani,Indian,647.0,56.0,TYPEC,2.0
2019-08-04,1385212.0,55.0,1770.0,484.03,484.03,0.0,0.0,13.0,Biryani,Indian,647.0,56.0,TYPEC,2.0
2019-08-11,1385212.0,55.0,1770.0,484.03,484.03,0.0,0.0,13.0,Biryani,Indian,647.0,56.0,TYPEC,2.0
2019-08-18,1385212.0,55.0,1770.0,484.03,484.03,0.0,0.0,13.0,Biryani,Indian,647.0,56.0,TYPEC,2.0
2019-08-25,1385212.0,55.0,1770.0,484.03,484.03,0.0,0.0,13.0,Biryani,Indian,647.0,56.0,TYPEC,2.0
2019-09-01,1385212.0,55.0,1770.0,484.03,484.03,0.0,0.0,13.0,Biryani,Indian,647.0,56.0,TYPEC,2.0
2019-09-08,1385212.0,55.0,1770.0,484.03,484.03,0.0,0.0,13.0,Biryani,Indian,647.0,56.0,TYPEC,2.0
2019-09-15,1385212.0,55.0,1770.0,484.03,484.03,0.0,0.0,13.0,Biryani,Indian,647.0,56.0,TYPEC,2.0
2019-09-22,1385212.0,55.0,1770.0,484.03,484.03,0.0,0.0,13.0,Biryani,Indian,647.0,56.0,TYPEC,2.0
2019-09-29,1177990.0,55.0,1770.0,486.03,485.03,0.0,0.0,14.0,Biryani,Indian,647.0,56.0,TYPEC,2.0
2019-10-06,1177990.0,55.0,1770.0,486.03,485.03,0.0,0.0,14.0,Biryani,Indian,647.0,56.0,TYPEC,2.0
2019-10-13,1269594.0,55.0,1770.0,484.03,484.03,0.0,0.0,14.0,Biryani,Indian,647.0,56.0,TYPEC,2.0
2019-10-20,1471571.0,55.0,1770.0,454.93,456.93,0.0,0.0,13.0,Biryani,Indian,647.0,56.0,TYPEC,2.0
2019-10-27,1471571.0,55.0,1770.0,454.93,456.93,0.0,0.0,13.0,Biryani,Indian,647.0,56.0,TYPEC,2.0
2019-11-03,1471571.0,55.0,1770.0,454.93,456.93,0.0,0.0,13.0,Biryani,Indian,647.0,56.0,TYPEC,2.0
2019-11-10,1471571.0,55.0,1770.0,454.93,456.93,0.0,0.0,13.0,Biryani,Indian,647.0,56.0,TYPEC,2.0
2019-11-17,1471571.0,55.0,1770.0,454.93,456.93,0.0,0.0,13.0,Biryani,Indian,647.0,56.0,TYPEC,2.0
2019-11-24,1471571.0,55.0,1770.0,454.93,456.93,0.0,0.0,13.0,Biryani,Indian,647.0,56.0,TYPEC,2.0
2019-12-01,1471571.0,55.0,1770.0,454.93,456.93,0.0,0.0,13.0,Biryani,Indian,647.0,56.0,TYPEC,2.0
2019-12-08,1462529.0,55.0,1770.0,485.03,485.03,0.0,0.0,13.0,Biryani,Indian,647.0,56.0,TYPEC,2.0
2019-12-15,1462529.0,55.0,1770.0,485.03,485.03,0.0,0.0,13.0,Biryani,Indian,647.0,56.0,TYPEC,2.0
2019-12-22,1462529.0,55.0,1770.0,485.03,485.03,0.0,0.0,13.0,Biryani,Indian,647.0,56.0,TYPEC,2.0
2019-12-29,1462529.0,55.0,1770.0,485.03,485.03,0.0,0.0,13.0,Biryani,Indian,647.0,56.0,TYPEC,2.0
2020-01-05,1462529.0,55.0,1770.0,485.03,485.03,0.0,0.0,13.0,Biryani,Indian,647.0,56.0,TYPEC,2.0
2020-01-12,1050145.0,55.0,1770.0,484.03,485.03,0.0,0.0,26.0,Biryani,Indian,647.0,56.0,TYPEC,2.0
2020-01-19,1050145.0,55.0,1770.0,484.03,485.03,0.0,0.0,26.0,Biryani,Indian,647.0,56.0,TYPEC,2.0
2020-01-26,1050145.0,55.0,1770.0,484.03,485.03,0.0,0.0,26.0,Biryani,Indian,647.0,56.0,TYPEC,2.0
2020-02-02,1050145.0,55.0,1770.0,484.03,485.03,0.0,0.0,26.0,Biryani,Indian,647.0,56.0,TYPEC,2.0
2020-02-09,1050145.0,55.0,1770.0,484.03,485.03,0.0,0.0,26.0,Biryani,Indian,647.0,56.0,TYPEC,2.0
2020-02-16,1050145.0,55.0,1770.0,484.03,485.03,0.0,0.0,26.0,Biryani,Indian,647.0,56.0,TYPEC,2.0
2020-02-23,1050145.0,55.0,1770.0,484.03,485.03,0.0,0.0,26.0,Biryani,Indian,647.0,56.0,TYPEC,2.0
2020-03-01,1488463.0,55.0,1770.0,484.03,485.03,0.0,0.0,13.0,Biryani,Indian,647.0,56.0,TYPEC,2.0
2020-03-08,1488463.0,55.0,1770.0,484.03,485.03,0.0,0.0,13.0,Biryani,Indian,647.0,56.0,TYPEC,2.0
2020-03-15,1488463.0,55.0,1770.0,484.03,485.03,0.0,0.0,13.0,Biryani,Indian,647.0,56.0,TYPEC,2.0
2020-03-22,1488463.0,55.0,1770.0,484.03,485.03,0.0,0.0,13.0,Biryani,Indian,647.0,56.0,TYPEC,2.0
2020-03-29,1488463.0,55.0,1770.0,484.03,485.03,0.0,0.0,13.0,Biryani,Indian,647.0,56.0,TYPEC,2.0
2020-04-05,1243893.0,55.0,1770.0,486.03,485.03,0.0,0.0,13.0,Biryani,Indian,647.0,56.0,TYPEC,2.0
2020-04-12,1243893.0,55.0,1770.0,486.03,485.03,0.0,0.0,13.0,Biryani,Indian,647.0,56.0,TYPEC,2.0
2020-04-19,1103224.0,55.0,1770.0,485.03,486.03,0.0,0.0,15.0,Biryani,Indian,647.0,56.0,TYPEC,2.0
2020-04-26,1103224.0,55.0,1770.0,485.03,486.03,0.0,0.0,15.0,Biryani,Indian,647.0,56.0,TYPEC,2.0
2020-05-03,1103224.0,55.0,1770.0,485.03,486.03,0.0,0.0,15.0,Biryani,Indian,647.0,56.0,TYPEC,2.0
2020-05-10,1103224.0,55.0,1770.0,485.03,486.03,0.0,0.0,15.0,Biryani,Indian,647.0,56.0,TYPEC,2.0
2020-05-17,1332616.0,55.0,1770.0,484.03,486.03,0.0,0.0,15.0,Biryani,Indian,647.0,56.0,TYPEC,2.0
2020-05-24,1332616.0,55.0,1770.0,484.03,486.03,0.0,0.0,15.0,Biryani,Indian,647.0,56.0,TYPEC,2.0
2020-05-31,1332616.0,55.0,1770.0,484.03,486.03,0.0,0.0,15.0,Biryani,Indian,647.0,56.0,TYPEC,2.0
2020-06-07,1332616.0,55.0,1770.0,484.03,486.03,0.0,0.0,15.0,Biryani,Indian,647.0,56.0,TYPEC,2.0
2020-06-14,1332616.0,55.0,1770.0,484.03,486.03,0.0,0.0,15.0,Biryani,Indian,647.0,56.0,TYPEC,2.0
2020-06-21,1310911.0,55.0,1770.0,484.03,485.03,0.0,0.0,15.0,Biryani,Indian,647.0,56.0,TYPEC,2.0
2020-06-28,1138153.0,55.0,1770.0,485.03,485.03,0.0,0.0,14.0,Biryani,Indian,647.0,56.0,TYPEC,2.0
2020-07-05,1138153.0,55.0,1770.0,485.03,485.03,0.0,0.0,14.0,Biryani,Indian,647.0,56.0,TYPEC,2.0
2020-07-12,1425402.0,55.0,1770.0,485.03,484.03,0.0,0.0,15.0,Biryani,Indian,647.0,56.0,TYPEC,2.0
2020-07-19,1425402.0,55.0,1770.0,485.03,484.03,0.0,0.0,15.0,Biryani,Indian,647.0,56.0,TYPEC,2.0
2020-07-26,1425402.0,55.0,1770.0,485.03,484.03,0.0,0.0,15.0,Biryani,Indian,647.0,56.0,TYPEC,2.0
2020-08-02,1425402.0,55.0,1770.0,485.03,484.03,0.0,0.0,15.0,Biryani,Indian,647.0,56.0,TYPEC,2.0
2020-08-09,1425402.0,55.0,1770.0,485.03,484.03,0.0,0.0,15.0,Biryani,Indian,647.0,56.0,TYPEC,2.0
2020-08-16,1425402.0,55.0,1770.0,485.03,484.03,0.0,0.0,15.0,Biryani,Indian,647.0,56.0,TYPEC,2.0
2020-08-23,1425402.0,55.0,1770.0,485.03,484.03,0.0,0.0,15.0,Biryani,Indian,647.0,56.0,TYPEC,2.0
2020-08-30,1425402.0,55.0,1770.0,485.03,484.03,0.0,0.0,15.0,Biryani,Indian,647.0,56.0,TYPEC,2.0
2020-09-06,1425402.0,55.0,1770.0,485.03,484.03,0.0,0.0,15.0,Biryani,Indian,647.0,56.0,TYPEC,2.0
2020-09-13,1425402.0,55.0,1770.0,485.03,484.03,0.0,0.0,15.0,Biryani,Indian,647.0,56.0,TYPEC,2.0
2020-09-20,1425402.0,55.0,1770.0,485.03,484.03,0.0,0.0,15.0,Biryani,Indian,647.0,56.0,TYPEC,2.0
2020-09-27,1425402.0,55.0,1770.0,485.03,484.03,0.0,0.0,15.0,Biryani,Indian,647.0,56.0,TYPEC,2.0
2020-10-04,1425402.0,55.0,1770.0,485.03,484.03,0.0,0.0,15.0,Biryani,Indian,647.0,56.0,TYPEC,2.0
2020-10-11,1090259.0,55.0,1770.0,484.03,486.03,0.0,0.0,15.0,Biryani,Indian,647.0,56.0,TYPEC,2.0
2020-10-18,1090259.0,55.0,1770.0,484.03,486.03,0.0,0.0,15.0,Biryani,Indian,647.0,56.0,TYPEC,2.0
2020-10-25,1431554.0,55.0,1770.0,486.03,484.03,0.0,0.0,14.0,Biryani,Indian,647.0,56.0,TYPEC,2.0
