psstudio/sampledatasets/Meal_delivery_company.csv
week,id,center_id,meal_id,checkout_price,base_price,emailer_for_promotion,homepage_featured,num_orders,category,cuisine,city_code,region_code,center_type,op_area
2018-02-11,1149039.0,55.0,1902.0,388.03,446.23,0.0,0.0,14.0,Biryani,Indian,647.0,56.0,TYPEC,2.0
2018-02-18,1149039.0,55.0,1902.0,388.03,446.23,0.0,0.0,14.0,Biryani,Indian,647.0,56.0,TYPEC,2.0
2018-02-25,1351808.0,55.0,1902.0,389.03,445.23,0.0,0.0,28.0,Biryani,Indian,647.0,56.0,TYPEC,2.0
2018-03-04,1351808.0,55.0,1902.0,389.03,445.23,0.0,0.0,28.0,Biryani,Indian,647.0,56.0,TYPEC,2.0
2018-03-11,1351808.0,55.0,1902.0,389.03,445.23,0.0,0.0,28.0,Biryani,Indian,647.0,56.0,TYPEC,2.0
2018-03-18,1255270.0,55.0,1902.0,447.23,447.23,0.0,0.0,14.0,Biryani,Indian,647.0,56.0,TYPEC,2.0
2018-03-25,1028795.0,55.0,1902.0,445.23,445.23,0.0,0.0,26.0,Biryani,Indian,647.0,56.0,TYPEC,2.0
2018-04-01,1028795.0,55.0,1902.0,445.23,445.23,0.0,0.0,26.0,Biryani,Indian,647.0,56.0,TYPEC,2.0
2018-04-08,1355060.0,55.0,1902.0,445.23,447.23,0.0,0.0,13.0,Biryani,Indian,647.0,56.0,TYPEC,2.0
2018-04-15,1147864.0,55.0,1902.0,445.23,447.23,0.0,0.0,14.0,Biryani,Indian,647.0,56.0,TYPEC,2.0
2018-04-22,1147864.0,55.0,1902.0,445.23,447.23,0.0,0.0,14.0,Biryani,Indian,647.0,56.0,TYPEC,2.0
2018-04-29,1147864.0,55.0,1902.0,445.23,447.23,0.0,0.0,14.0,Biryani,Indian,647.0,56.0,TYPEC,2.0
2018-05-06,1412046.0,55.0,1902.0,445.23,447.23,0.0,0.0,14.0,Biryani,Indian,647.0,56.0,TYPEC,2.0
2018-05-13,1412046.0,55.0,1902.0,445.23,447.23,0.0,0.0,14.0,Biryani,Indian,647.0,56.0,TYPEC,2.0
2018-05-20,1412046.0,55.0,1902.0,445.23,447.23,0.0,0.0,14.0,Biryani,Indian,647.0,56.0,TYPEC,2.0
2018-05-27,1412046.0,55.0,1902.0,445.23,447.23,0.0,0.0,14.0,Biryani,Indian,647.0,56.0,TYPEC,2.0
2018-06-03,1412046.0,55.0,1902.0,445.23,447.23,0.0,0.0,14.0,Biryani,Indian,647.0,56.0,TYPEC,2.0
2018-06-10,1412046.0,55.0,1902.0,445.23,447.23,0.0,0.0,14.0,Biryani,Indian,647.0,56.0,TYPEC,2.0
2018-06-17,1412046.0,55.0,1902.0,445.23,447.23,0.0,0.0,14.0,Biryani,Indian,647.0,56.0,TYPEC,2.0
2018-06-24,1412046.0,55.0,1902.0,445.23,447.23,0.0,0.0,14.0,Biryani,Indian,647.0,56.0,TYPEC,2.0
2018-07-01,1412046.0,55.0,1902.0,445.23,447.23,0.0,0.0,14.0,Biryani,Indian,647.0,56.0,TYPEC,2.0
2018-07-08,1117360.0,55.0,1902.0,447.23,446.23,0.0,0.0,28.0,Biryani,Indian,647.0,56.0,TYPEC,2.0
2018-07-15,1117360.0,55.0,1902.0,447.23,446.23,0.0,0.0,28.0,Biryani,Indian,647.0,56.0,TYPEC,2.0
2018-07-22,1117360.0,55.0,1902.0,447.23,446.23,0.0,0.0,28.0,Biryani,Indian,647.0,56.0,TYPEC,2.0
2018-07-29,1117360.0,55.0,1902.0,447.23,446.23,0.0,0.0,28.0,Biryani,Indian,647.0,56.0,TYPEC,2.0
2018-08-05,1354631.0,55.0,1902.0,446.23,446.23,0.0,0.0,15.0,Biryani,Indian,647.0,56.0,TYPEC,2.0
2018-08-12,1354631.0,55.0,1902.0,446.23,446.23,0.0,0.0,15.0,Biryani,Indian,647.0,56.0,TYPEC,2.0
2018-08-19,1140577.0,55.0,1902.0,445.23,446.23,0.0,0.0,15.0,Biryani,Indian,647.0,56.0,TYPEC,2.0
2018-08-26,1362323.0,55.0,1902.0,445.23,446.23,0.0,0.0,13.0,Biryani,Indian,647.0,56.0,TYPEC,2.0
2018-09-02,1362323.0,55.0,1902.0,445.23,446.23,0.0,0.0,13.0,Biryani,Indian,647.0,56.0,TYPEC,2.0
2018-09-09,1125899.0,55.0,1902.0,446.23,447.23,0.0,0.0,15.0,Biryani,Indian,647.0,56.0,TYPEC,2.0
2018-09-16,1125899.0,55.0,1902.0,446.23,447.23,0.0,0.0,15.0,Biryani,Indian,647.0,56.0,TYPEC,2.0
2018-09-23,1125899.0,55.0,1902.0,446.23,447.23,0.0,0.0,15.0,Biryani,Indian,647.0,56.0,TYPEC,2.0
2018-09-30,1125899.0,55.0,1902.0,446.23,447.23,0.0,0.0,15.0,Biryani,Indian,647.0,56.0,TYPEC,2.0
2018-10-07,1125899.0,55.0,1902.0,446.23,447.23,0.0,0.0,15.0,Biryani,Indian,647.0,56.0,TYPEC,2.0
2018-10-14,1109385.0,55.0,1902.0,446.23,445.23,0.0,0.0,14.0,Biryani,Indian,647.0,56.0,TYPEC,2.0
2018-10-21,1109385.0,55.0,1902.0,446.23,445.23,0.0,0.0,14.0,Biryani,Indian,647.0,56.0,TYPEC,2.0
2018-10-28,1109385.0,55.0,1902.0,446.23,445.23,0.0,0.0,14.0,Biryani,Indian,647.0,56.0,TYPEC,2.0
2018-11-04,1109385.0,55.0,1902.0,446.23,445.23,0.0,0.0,14.0,Biryani,Indian,647.0,56.0,TYPEC,2.0
2018-11-11,1109385.0,55.0,1902.0,446.23,445.23,0.0,0.0,14.0,Biryani,Indian,647.0,56.0,TYPEC,2.0
2018-11-18,1109385.0,55.0,1902.0,446.23,445.23,0.0,0.0,14.0,Biryani,Indian,647.0,56.0,TYPEC,2.0
2018-11-25,1109385.0,55.0,1902.0,446.23,445.23,0.0,0.0,14.0,Biryani,Indian,647.0,56.0,TYPEC,2.0
2018-12-02,1109385.0,55.0,1902.0,446.23,445.23,0.0,0.0,14.0,Biryani,Indian,647.0,56.0,TYPEC,2.0
2018-12-09,1109385.0,55.0,1902.0,446.23,445.23,0.0,0.0,14.0,Biryani,Indian,647.0,56.0,TYPEC,2.0
2018-12-16,1109385.0,55.0,1902.0,446.23,445.23,0.0,0.0,14.0,Biryani,Indian,647.0,56.0,TYPEC,2.0
2018-12-23,1109385.0,55.0,1902.0,446.23,445.23,0.0,0.0,14.0,Biryani,Indian,647.0,56.0,TYPEC,2.0
2018-12-30,1109385.0,55.0,1902.0,446.23,445.23,0.0,0.0,14.0,Biryani,Indian,647.0,56.0,TYPEC,2.0
2019-01-06,1238905.0,55.0,1902.0,358.93,447.23,0.0,0.0,27.0,Biryani,Indian,647.0,56.0,TYPEC,2.0
2019-01-13,1238905.0,55.0,1902.0,358.93,447.23,0.0,0.0,27.0,Biryani,Indian,647.0,56.0,TYPEC,2.0
2019-01-20,1238905.0,55.0,1902.0,358.93,447.23,0.0,0.0,27.0,Biryani,Indian,647.0,56.0,TYPEC,2.0
2019-01-27,1238905.0,55.0,1902.0,358.93,447.23,0.0,0.0,27.0,Biryani,Indian,647.0,56.0,TYPEC,2.0
2019-02-03,1238905.0,55.0,1902.0,358.93,447.23,0.0,0.0,27.0,Biryani,Indian,647.0,56.0,TYPEC,2.0
2019-02-10,1310834.0,55.0,1902.0,418.13,418.13,0.0,0.0,15.0,Biryani,Indian,647.0,56.0,TYPEC,2.0
2019-02-17,1310834.0,55.0,1902.0,418.13,418.13,0.0,0.0,15.0,Biryani,Indian,647.0,56.0,TYPEC,2.0
2019-02-24,1426430.0,55.0,1902.0,416.13,417.13,0.0,0.0,26.0,Biryani,Indian,647.0,56.0,TYPEC,2.0
2019-03-03,1426430.0,55.0,1902.0,416.13,417.13,0.0,0.0,26.0,Biryani,Indian,647.0,56.0,TYPEC,2.0
2019-03-10,1465158.0,55.0,1902.0,447.23,447.23,0.0,0.0,15.0,Biryani,Indian,647.0,56.0,TYPEC,2.0
2019-03-17,1465158.0,55.0,1902.0,447.23,447.23,0.0,0.0,15.0,Biryani,Indian,647.0,56.0,TYPEC,2.0
2019-03-24,1465158.0,55.0,1902.0,447.23,447.23,0.0,0.0,15.0,Biryani,Indian,647.0,56.0,TYPEC,2.0
2019-03-31,1465158.0,55.0,1902.0,447.23,447.23,0.0,0.0,15.0,Biryani,Indian,647.0,56.0,TYPEC,2.0
2019-04-07,1465158.0,55.0,1902.0,447.23,447.23,0.0,0.0,15.0,Biryani,Indian,647.0,56.0,TYPEC,2.0
2019-04-14,1465158.0,55.0,1902.0,447.23,447.23,0.0,0.0,15.0,Biryani,Indian,647.0,56.0,TYPEC,2.0
2019-04-21,1465158.0,55.0,1902.0,447.23,447.23,0.0,0.0,15.0,Biryani,Indian,647.0,56.0,TYPEC,2.0
2019-04-28,1368010.0,55.0,1902.0,447.23,445.23,0.0,0.0,13.0,Biryani,Indian,647.0,56.0,TYPEC,2.0
2019-05-05,1368010.0,55.0,1902.0,447.23,445.23,0.0,0.0,13.0,Biryani,Indian,647.0,56.0,TYPEC,2.0
2019-05-12,1334758.0,55.0,1902.0,445.23,446.23,0.0,0.0,15.0,Biryani,Indian,647.0,56.0,TYPEC,2.0
2019-05-19,1334758.0,55.0,1902.0,445.23,446.23,0.0,0.0,15.0,Biryani,Indian,647.0,56.0,TYPEC,2.0
2019-05-26,1334758.0,55.0,1902.0,445.23,446.23,0.0,0.0,15.0,Biryani,Indian,647.0,56.0,TYPEC,2.0
2019-06-02,1334758.0,55.0,1902.0,445.23,446.23,0.0,0.0,15.0,Biryani,Indian,647.0,56.0,TYPEC,2.0
2019-06-09,1449216.0,55.0,1902.0,445.23,446.23,0.0,0.0,13.0,Biryani,Indian,647.0,56.0,TYPEC,2.0
2019-06-16,1449216.0,55.0,1902.0,445.23,446.23,0.0,0.0,13.0,Biryani,Indian,647.0,56.0,TYPEC,2.0
2019-06-23,1449216.0,55.0,1902.0,445.23,446.23,0.0,0.0,13.0,Biryani,Indian,647.0,56.0,TYPEC,2.0
2019-06-30,1449216.0,55.0,1902.0,445.23,446.23,0.0,0.0,13.0,Biryani,Indian,647.0,56.0,TYPEC,2.0
2019-07-07,1449216.0,55.0,1902.0,445.23,446.23,0.0,0.0,13.0,Biryani,Indian,647.0,56.0,TYPEC,2.0
2019-07-14,1440448.0,55.0,1902.0,447.23,447.23,0.0,0.0,15.0,Biryani,Indian,647.0,56.0,TYPEC,2.0
2019-07-21,1440448.0,55.0,1902.0,447.23,447.23,0.0,0.0,15.0,Biryani,Indian,647.0,56.0,TYPEC,2.0
2019-07-28,1440448.0,55.0,1902.0,447.23,447.23,0.0,0.0,15.0,Biryani,Indian,647.0,56.0,TYPEC,2.0
2019-08-04,1440448.0,55.0,1902.0,447.23,447.23,0.0,0.0,15.0,Biryani,Indian,647.0,56.0,TYPEC,2.0
2019-08-11,1440448.0,55.0,1902.0,447.23,447.23,0.0,0.0,15.0,Biryani,Indian,647.0,56.0,TYPEC,2.0
2019-08-18,1440448.0,55.0,1902.0,447.23,447.23,0.0,0.0,15.0,Biryani,Indian,647.0,56.0,TYPEC,2.0
2019-08-25,1440448.0,55.0,1902.0,447.23,447.23,0.0,0.0,15.0,Biryani,Indian,647.0,56.0,TYPEC,2.0
2019-09-01,1440448.0,55.0,1902.0,447.23,447.23,0.0,0.0,15.0,Biryani,Indian,647.0,56.0,TYPEC,2.0
2019-09-08,1440448.0,55.0,1902.0,447.23,447.23,0.0,0.0,15.0,Biryani,Indian,647.0,56.0,TYPEC,2.0
2019-09-15,1440448.0,55.0,1902.0,447.23,447.23,0.0,0.0,15.0,Biryani,Indian,647.0,56.0,TYPEC,2.0
2019-09-22,1480882.0,55.0,1902.0,437.53,436.53,0.0,0.0,13.0,Biryani,Indian,647.0,56.0,TYPEC,2.0
2019-09-29,1480882.0,55.0,1902.0,437.53,436.53,0.0,0.0,13.0,Biryani,Indian,647.0,56.0,TYPEC,2.0
2019-10-06,1480882.0,55.0,1902.0,437.53,436.53,0.0,0.0,13.0,Biryani,Indian,647.0,56.0,TYPEC,2.0
2019-10-13,1028100.0,55.0,1902.0,446.23,445.23,0.0,0.0,14.0,Biryani,Indian,647.0,56.0,TYPEC,2.0
2019-10-20,1028100.0,55.0,1902.0,446.23,445.23,0.0,0.0,14.0,Biryani,Indian,647.0,56.0,TYPEC,2.0
2019-10-27,1028100.0,55.0,1902.0,446.23,445.23,0.0,0.0,14.0,Biryani,Indian,647.0,56.0,TYPEC,2.0
2019-11-03,1028100.0,55.0,1902.0,446.23,445.23,0.0,0.0,14.0,Biryani,Indian,647.0,56.0,TYPEC,2.0
2019-11-10,1028100.0,55.0,1902.0,446.23,445.23,0.0,0.0,14.0,Biryani,Indian,647.0,56.0,TYPEC,2.0
2019-11-17,1028100.0,55.0,1902.0,446.23,445.23,0.0,0.0,14.0,Biryani,Indian,647.0,56.0,TYPEC,2.0
2019-11-24,1028100.0,55.0,1902.0,446.23,445.23,0.0,0.0,14.0,Biryani,Indian,647.0,56.0,TYPEC,2.0
2019-12-01,1028100.0,55.0,1902.0,446.23,445.23,0.0,0.0,14.0,Biryani,Indian,647.0,56.0,TYPEC,2.0
2019-12-08,1028100.0,55.0,1902.0,446.23,445.23,0.0,0.0,14.0,Biryani,Indian,647.0,56.0,TYPEC,2.0
2019-12-15,1319358.0,55.0,1902.0,446.23,446.23,0.0,0.0,14.0,Biryani,Indian,647.0,56.0,TYPEC,2.0
2019-12-22,1319358.0,55.0,1902.0,446.23,446.23,0.0,0.0,14.0,Biryani,Indian,647.0,56.0,TYPEC,2.0
2019-12-29,1319358.0,55.0,1902.0,446.23,446.23,0.0,0.0,14.0,Biryani,Indian,647.0,56.0,TYPEC,2.0
2020-01-05,1319358.0,55.0,1902.0,446.23,446.23,0.0,0.0,14.0,Biryani,Indian,647.0,56.0,TYPEC,2.0
2020-01-12,1066569.0,55.0,1902.0,446.23,447.23,0.0,0.0,15.0,Biryani,Indian,647.0,56.0,TYPEC,2.0
2020-01-19,1066569.0,55.0,1902.0,446.23,447.23,0.0,0.0,15.0,Biryani,Indian,647.0,56.0,TYPEC,2.0
2020-01-26,1066569.0,55.0,1902.0,446.23,447.23,0.0,0.0,15.0,Biryani,Indian,647.0,56.0,TYPEC,2.0
2020-02-02,1066569.0,55.0,1902.0,446.23,447.23,0.0,0.0,15.0,Biryani,Indian,647.0,56.0,TYPEC,2.0
2020-02-09,1465608.0,55.0,1902.0,388.03,445.23,0.0,0.0,13.0,Biryani,Indian,647.0,56.0,TYPEC,2.0
2020-02-16,1465608.0,55.0,1902.0,388.03,445.23,0.0,0.0,13.0,Biryani,Indian,647.0,56.0,TYPEC,2.0
2020-02-23,1465608.0,55.0,1902.0,388.03,445.23,0.0,0.0,13.0,Biryani,Indian,647.0,56.0,TYPEC,2.0
2020-03-01,1465608.0,55.0,1902.0,388.03,445.23,0.0,0.0,13.0,Biryani,Indian,647.0,56.0,TYPEC,2.0
2020-03-08,1252643.0,55.0,1902.0,447.23,447.23,0.0,0.0,13.0,Biryani,Indian,647.0,56.0,TYPEC,2.0
2020-03-15,1252643.0,55.0,1902.0,447.23,447.23,0.0,0.0,13.0,Biryani,Indian,647.0,56.0,TYPEC,2.0
2020-03-22,1252643.0,55.0,1902.0,447.23,447.23,0.0,0.0,13.0,Biryani,Indian,647.0,56.0,TYPEC,2.0
2020-03-29,1252643.0,55.0,1902.0,447.23,447.23,0.0,0.0,13.0,Biryani,Indian,647.0,56.0,TYPEC,2.0
2020-04-05,1252643.0,55.0,1902.0,447.23,447.23,0.0,0.0,13.0,Biryani,Indian,647.0,56.0,TYPEC,2.0
2020-04-12,1252643.0,55.0,1902.0,447.23,447.23,0.0,0.0,13.0,Biryani,Indian,647.0,56.0,TYPEC,2.0
2020-04-19,1252643.0,55.0,1902.0,447.23,447.23,0.0,0.0,13.0,Biryani,Indian,647.0,56.0,TYPEC,2.0
2020-04-26,1252643.0,55.0,1902.0,447.23,447.23,0.0,0.0,13.0,Biryani,Indian,647.0,56.0,TYPEC,2.0
2020-05-03,1252643.0,55.0,1902.0,447.23,447.23,0.0,0.0,13.0,Biryani,Indian,647.0,56.0,TYPEC,2.0
2020-05-10,1152455.0,55.0,1902.0,445.23,445.23,0.0,0.0,14.0,Biryani,Indian,647.0,56.0,TYPEC,2.0
2020-05-17,1152455.0,55.0,1902.0,445.23,445.23,0.0,0.0,14.0,Biryani,Indian,647.0,56.0,TYPEC,2.0
2020-05-24,1434043.0,55.0,1902.0,388.03,446.23,0.0,0.0,15.0,Biryani,Indian,647.0,56.0,TYPEC,2.0
2020-05-31,1434043.0,55.0,1902.0,388.03,446.23,0.0,0.0,15.0,Biryani,Indian,647.0,56.0,TYPEC,2.0
2020-06-07,1434043.0,55.0,1902.0,388.03,446.23,0.0,0.0,15.0,Biryani,Indian,647.0,56.0,TYPEC,2.0
2020-06-14,1434043.0,55.0,1902.0,388.03,446.23,0.0,0.0,15.0,Biryani,Indian,647.0,56.0,TYPEC,2.0
2020-06-21,1434043.0,55.0,1902.0,388.03,446.23,0.0,0.0,15.0,Biryani,Indian,647.0,56.0,TYPEC,2.0
2020-06-28,1137738.0,55.0,1902.0,447.23,446.23,0.0,0.0,15.0,Biryani,Indian,647.0,56.0,TYPEC,2.0
2020-07-05,1137738.0,55.0,1902.0,447.23,446.23,0.0,0.0,15.0,Biryani,Indian,647.0,56.0,TYPEC,2.0
2020-07-12,1137738.0,55.0,1902.0,447.23,446.23,0.0,0.0,15.0,Biryani,Indian,647.0,56.0,TYPEC,2.0
2020-07-19,1246175.0,55.0,1902.0,445.23,445.23,0.0,0.0,13.0,Biryani,Indian,647.0,56.0,TYPEC,2.0
2020-07-26,1246175.0,55.0,1902.0,445.23,445.23,0.0,0.0,13.0,Biryani,Indian,647.0,56.0,TYPEC,2.0
2020-08-02,1474640.0,55.0,1902.0,446.23,447.23,0.0,0.0,14.0,Biryani,Indian,647.0,56.0,TYPEC,2.0
2020-08-09,1474640.0,55.0,1902.0,446.23,447.23,0.0,0.0,14.0,Biryani,Indian,647.0,56.0,TYPEC,2.0
2020-08-16,1282917.0,55.0,1902.0,446.23,445.23,0.0,0.0,14.0,Biryani,Indian,647.0,56.0,TYPEC,2.0
2020-08-23,1282917.0,55.0,1902.0,446.23,445.23,0.0,0.0,14.0,Biryani,Indian,647.0,56.0,TYPEC,2.0
2020-08-30,1282917.0,55.0,1902.0,446.23,445.23,0.0,0.0,14.0,Biryani,Indian,647.0,56.0,TYPEC,2.0
2020-09-06,1221403.0,55.0,1902.0,447.23,445.23,0.0,0.0,14.0,Biryani,Indian,647.0,56.0,TYPEC,2.0
2020-09-13,1072141.0,55.0,1902.0,447.23,447.23,0.0,0.0,15.0,Biryani,Indian,647.0,56.0,TYPEC,2.0
2020-09-20,1355826.0,55.0,1902.0,389.03,446.23,0.0,0.0,14.0,Biryani,Indian,647.0,56.0,TYPEC,2.0
2020-09-27,1355826.0,55.0,1902.0,389.03,446.23,0.0,0.0,14.0,Biryani,Indian,647.0,56.0,TYPEC,2.0
2020-10-04,1355826.0,55.0,1902.0,389.03,446.23,0.0,0.0,14.0,Biryani,Indian,647.0,56.0,TYPEC,2.0
2020-10-11,1355826.0,55.0,1902.0,389.03,446.23,0.0,0.0,14.0,Biryani,Indian,647.0,56.0,TYPEC,2.0
2020-10-18,1293099.0,55.0,1902.0,446.23,446.23,0.0,0.0,14.0,Biryani,Indian,647.0,56.0,TYPEC,2.0
