psstudio/sampledatasets/Meal_delivery_company.csv
week,id,center_id,meal_id,checkout_price,base_price,emailer_for_promotion,homepage_featured,num_orders,category,cuisine,city_code,region_code,center_type,op_area
2018-02-11,1067069.0,55.0,2126.0,486.0,485.0,0.0,0.0,28.0,Pasta,Italian,647.0,56.0,TYPEC,2.0
2018-02-18,1067069.0,55.0,2126.0,486.0,485.0,0.0,0.0,28.0,Pasta,Italian,647.0,56.0,TYPEC,2.0
2018-02-25,1253010.0,55.0,2126.0,486.0,485.0,0.0,0.0,27.0,Pasta,Italian,647.0,56.0,TYPEC,2.0
2018-03-04,1209518.0,55.0,2126.0,485.03,486.03,0.0,0.0,14.0,Pasta,Italian,647.0,56.0,TYPEC,2.0
2018-03-11,1176091.0,55.0,2126.0,484.03,486.03,0.0,0.0,27.0,Pasta,Italian,647.0,56.0,TYPEC,2.0
2018-03-18,1397246.0,55.0,2126.0,485.03,485.03,0.0,0.0,15.0,Pasta,Italian,647.0,56.0,TYPEC,2.0
2018-03-25,1397246.0,55.0,2126.0,485.03,485.03,0.0,0.0,15.0,Pasta,Italian,647.0,56.0,TYPEC,2.0
2018-04-01,1397246.0,55.0,2126.0,485.03,485.03,0.0,0.0,15.0,Pasta,Italian,647.0,56.0,TYPEC,2.0
2018-04-08,1397246.0,55.0,2126.0,485.03,485.03,0.0,0.0,15.0,Pasta,Italian,647.0,56.0,TYPEC,2.0
2018-04-15,1397246.0,55.0,2126.0,485.03,485.03,0.0,0.0,15.0,Pasta,Italian,647.0,56.0,TYPEC,2.0
2018-04-22,1397246.0,55.0,2126.0,485.03,485.03,0.0,0.0,15.0,Pasta,Italian,647.0,56.0,TYPEC,2.0
2018-04-29,1397246.0,55.0,2126.0,485.03,485.03,0.0,0.0,15.0,Pasta,Italian,647.0,56.0,TYPEC,2.0
2018-05-06,1397246.0,55.0,2126.0,485.03,485.03,0.0,0.0,15.0,Pasta,Italian,647.0,56.0,TYPEC,2.0
2018-05-13,1397246.0,55.0,2126.0,485.03,485.03,0.0,0.0,15.0,Pasta,Italian,647.0,56.0,TYPEC,2.0
2018-05-20,1397246.0,55.0,2126.0,485.03,485.03,0.0,0.0,15.0,Pasta,Italian,647.0,56.0,TYPEC,2.0
2018-05-27,1397246.0,55.0,2126.0,485.03,485.03,0.0,0.0,15.0,Pasta,Italian,647.0,56.0,TYPEC,2.0
2018-06-03,1397246.0,55.0,2126.0,485.03,485.03,0.0,0.0,15.0,Pasta,Italian,647.0,56.0,TYPEC,2.0
2018-06-10,1397246.0,55.0,2126.0,485.03,485.03,0.0,0.0,15.0,Pasta,Italian,647.0,56.0,TYPEC,2.0
2018-06-17,1397246.0,55.0,2126.0,485.03,485.03,0.0,0.0,15.0,Pasta,Italian,647.0,56.0,TYPEC,2.0
2018-06-24,1397246.0,55.0,2126.0,485.03,485.03,0.0,0.0,15.0,Pasta,Italian,647.0,56.0,TYPEC,2.0
2018-07-01,1397246.0,55.0,2126.0,485.03,485.03,0.0,0.0,15.0,Pasta,Italian,647.0,56.0,TYPEC,2.0
2018-07-08,1386718.0,55.0,2126.0,534.53,533.53,0.0,0.0,15.0,Pasta,Italian,647.0,56.0,TYPEC,2.0
2018-07-15,1386718.0,55.0,2126.0,534.53,533.53,0.0,0.0,15.0,Pasta,Italian,647.0,56.0,TYPEC,2.0
2018-07-22,1386718.0,55.0,2126.0,534.53,533.53,0.0,0.0,15.0,Pasta,Italian,647.0,56.0,TYPEC,2.0
2018-07-29,1383205.0,55.0,2126.0,484.03,484.03,0.0,0.0,14.0,Pasta,Italian,647.0,56.0,TYPEC,2.0
2018-08-05,1383205.0,55.0,2126.0,484.03,484.03,0.0,0.0,14.0,Pasta,Italian,647.0,56.0,TYPEC,2.0
2018-08-12,1383205.0,55.0,2126.0,484.03,484.03,0.0,0.0,14.0,Pasta,Italian,647.0,56.0,TYPEC,2.0
2018-08-19,1154846.0,55.0,2126.0,532.53,533.53,0.0,0.0,27.0,Pasta,Italian,647.0,56.0,TYPEC,2.0
2018-08-26,1154846.0,55.0,2126.0,532.53,533.53,0.0,0.0,27.0,Pasta,Italian,647.0,56.0,TYPEC,2.0
2018-09-02,1154846.0,55.0,2126.0,532.53,533.53,0.0,0.0,27.0,Pasta,Italian,647.0,56.0,TYPEC,2.0
2018-09-09,1217791.0,55.0,2126.0,532.53,534.53,0.0,0.0,14.0,Pasta,Italian,647.0,56.0,TYPEC,2.0
2018-09-16,1217791.0,55.0,2126.0,532.53,534.53,0.0,0.0,14.0,Pasta,Italian,647.0,56.0,TYPEC,2.0
2018-09-23,1046111.0,55.0,2126.0,433.59,533.53,0.0,0.0,26.0,Pasta,Italian,647.0,56.0,TYPEC,2.0
2018-09-30,1253137.0,55.0,2126.0,435.59,533.53,0.0,0.0,13.0,Pasta,Italian,647.0,56.0,TYPEC,2.0
2018-10-07,1481155.0,55.0,2126.0,434.59,534.53,0.0,0.0,14.0,Pasta,Italian,647.0,56.0,TYPEC,2.0
2018-10-14,1450158.0,55.0,2126.0,433.59,534.53,0.0,0.0,15.0,Pasta,Italian,647.0,56.0,TYPEC,2.0
2018-10-21,1450158.0,55.0,2126.0,433.59,534.53,0.0,0.0,15.0,Pasta,Italian,647.0,56.0,TYPEC,2.0
2018-10-28,1167977.0,55.0,2126.0,533.53,532.53,0.0,0.0,26.0,Pasta,Italian,647.0,56.0,TYPEC,2.0
2018-11-04,1167977.0,55.0,2126.0,533.53,532.53,0.0,0.0,26.0,Pasta,Italian,647.0,56.0,TYPEC,2.0
2018-11-11,1298384.0,55.0,2126.0,486.03,485.03,0.0,0.0,28.0,Pasta,Italian,647.0,56.0,TYPEC,2.0
2018-11-18,1298384.0,55.0,2126.0,486.03,485.03,0.0,0.0,28.0,Pasta,Italian,647.0,56.0,TYPEC,2.0
2018-11-25,1221073.0,55.0,2126.0,485.03,486.03,0.0,0.0,15.0,Pasta,Italian,647.0,56.0,TYPEC,2.0
2018-12-02,1221073.0,55.0,2126.0,485.03,486.03,0.0,0.0,15.0,Pasta,Italian,647.0,56.0,TYPEC,2.0
2018-12-09,1030454.0,55.0,2126.0,518.98,519.98,0.0,0.0,27.0,Pasta,Italian,647.0,56.0,TYPEC,2.0
2018-12-16,1030454.0,55.0,2126.0,518.98,519.98,0.0,0.0,27.0,Pasta,Italian,647.0,56.0,TYPEC,2.0
2018-12-23,1030454.0,55.0,2126.0,518.98,519.98,0.0,0.0,27.0,Pasta,Italian,647.0,56.0,TYPEC,2.0
2018-12-30,1030454.0,55.0,2126.0,518.98,519.98,0.0,0.0,27.0,Pasta,Italian,647.0,56.0,TYPEC,2.0
2019-01-06,1030454.0,55.0,2126.0,518.98,519.98,0.0,0.0,27.0,Pasta,Italian,647.0,56.0,TYPEC,2.0
2019-01-13,1030454.0,55.0,2126.0,518.98,519.98,0.0,0.0,27.0,Pasta,Italian,647.0,56.0,TYPEC,2.0
2019-01-20,1030454.0,55.0,2126.0,518.98,519.98,0.0,0.0,27.0,Pasta,Italian,647.0,56.0,TYPEC,2.0
2019-01-27,1030454.0,55.0,2126.0,518.98,519.98,0.0,0.0,27.0,Pasta,Italian,647.0,56.0,TYPEC,2.0
2019-02-03,1030454.0,55.0,2126.0,518.98,519.98,0.0,0.0,27.0,Pasta,Italian,647.0,56.0,TYPEC,2.0
2019-02-10,1357522.0,55.0,2126.0,437.5,519.98,0.0,0.0,13.0,Pasta,Italian,647.0,56.0,TYPEC,2.0
2019-02-17,1143027.0,55.0,2126.0,437.5,518.98,0.0,0.0,15.0,Pasta,Italian,647.0,56.0,TYPEC,2.0
2019-02-24,1370468.0,55.0,2126.0,436.5,517.98,0.0,0.0,42.0,Pasta,Italian,647.0,56.0,TYPEC,2.0
2019-03-03,1370468.0,55.0,2126.0,436.5,517.98,0.0,0.0,42.0,Pasta,Italian,647.0,56.0,TYPEC,2.0
2019-03-10,1370468.0,55.0,2126.0,436.5,517.98,0.0,0.0,42.0,Pasta,Italian,647.0,56.0,TYPEC,2.0
2019-03-17,1370468.0,55.0,2126.0,436.5,517.98,0.0,0.0,42.0,Pasta,Italian,647.0,56.0,TYPEC,2.0
2019-03-24,1355489.0,55.0,2126.0,532.53,532.53,0.0,0.0,15.0,Pasta,Italian,647.0,56.0,TYPEC,2.0
2019-03-31,1355489.0,55.0,2126.0,532.53,532.53,0.0,0.0,15.0,Pasta,Italian,647.0,56.0,TYPEC,2.0
2019-04-07,1064644.0,55.0,2126.0,435.53,532.53,1.0,0.0,15.0,Pasta,Italian,647.0,56.0,TYPEC,2.0
2019-04-14,1064644.0,55.0,2126.0,435.53,532.53,1.0,0.0,15.0,Pasta,Italian,647.0,56.0,TYPEC,2.0
2019-04-21,1064644.0,55.0,2126.0,435.53,532.53,1.0,0.0,15.0,Pasta,Italian,647.0,56.0,TYPEC,2.0
2019-04-28,1137978.0,55.0,2126.0,437.53,532.53,0.0,0.0,13.0,Pasta,Italian,647.0,56.0,TYPEC,2.0
2019-05-05,1344004.0,55.0,2126.0,533.53,534.53,0.0,0.0,27.0,Pasta,Italian,647.0,56.0,TYPEC,2.0
2019-05-12,1344004.0,55.0,2126.0,533.53,534.53,0.0,0.0,27.0,Pasta,Italian,647.0,56.0,TYPEC,2.0
2019-05-19,1014147.0,55.0,2126.0,534.53,533.53,0.0,0.0,14.0,Pasta,Italian,647.0,56.0,TYPEC,2.0
2019-05-26,1014147.0,55.0,2126.0,534.53,533.53,0.0,0.0,14.0,Pasta,Italian,647.0,56.0,TYPEC,2.0
2019-06-02,1014147.0,55.0,2126.0,534.53,533.53,0.0,0.0,14.0,Pasta,Italian,647.0,56.0,TYPEC,2.0
2019-06-09,1492118.0,55.0,2126.0,486.03,532.53,1.0,0.0,27.0,Pasta,Italian,647.0,56.0,TYPEC,2.0
2019-06-16,1098633.0,55.0,2126.0,484.03,532.53,1.0,0.0,27.0,Pasta,Italian,647.0,56.0,TYPEC,2.0
2019-06-23,1092462.0,55.0,2126.0,486.03,485.03,0.0,0.0,27.0,Pasta,Italian,647.0,56.0,TYPEC,2.0
2019-06-30,1092462.0,55.0,2126.0,486.03,485.03,0.0,0.0,27.0,Pasta,Italian,647.0,56.0,TYPEC,2.0
2019-07-07,1466334.0,55.0,2126.0,533.53,533.53,0.0,0.0,15.0,Pasta,Italian,647.0,56.0,TYPEC,2.0
2019-07-14,1075019.0,55.0,2126.0,532.53,532.53,0.0,0.0,14.0,Pasta,Italian,647.0,56.0,TYPEC,2.0
2019-07-21,1075019.0,55.0,2126.0,532.53,532.53,0.0,0.0,14.0,Pasta,Italian,647.0,56.0,TYPEC,2.0
2019-07-28,1128726.0,55.0,2126.0,533.53,532.53,0.0,0.0,13.0,Pasta,Italian,647.0,56.0,TYPEC,2.0
2019-08-04,1128726.0,55.0,2126.0,533.53,532.53,0.0,0.0,13.0,Pasta,Italian,647.0,56.0,TYPEC,2.0
2019-08-11,1128726.0,55.0,2126.0,533.53,532.53,0.0,0.0,13.0,Pasta,Italian,647.0,56.0,TYPEC,2.0
2019-08-18,1221871.0,55.0,2126.0,534.53,534.53,0.0,0.0,14.0,Pasta,Italian,647.0,56.0,TYPEC,2.0
2019-08-25,1221871.0,55.0,2126.0,534.53,534.53,0.0,0.0,14.0,Pasta,Italian,647.0,56.0,TYPEC,2.0
2019-09-01,1267075.0,55.0,2126.0,464.63,534.53,0.0,0.0,15.0,Pasta,Italian,647.0,56.0,TYPEC,2.0
2019-09-08,1024967.0,55.0,2126.0,465.63,532.53,0.0,0.0,13.0,Pasta,Italian,647.0,56.0,TYPEC,2.0
2019-09-15,1413958.0,55.0,2126.0,464.63,534.53,0.0,0.0,26.0,Pasta,Italian,647.0,56.0,TYPEC,2.0
2019-09-22,1283241.0,55.0,2126.0,534.53,534.53,0.0,0.0,14.0,Pasta,Italian,647.0,56.0,TYPEC,2.0
2019-09-29,1283241.0,55.0,2126.0,534.53,534.53,0.0,0.0,14.0,Pasta,Italian,647.0,56.0,TYPEC,2.0
2019-10-06,1424856.0,55.0,2126.0,533.53,532.53,0.0,0.0,14.0,Pasta,Italian,647.0,56.0,TYPEC,2.0
2019-10-13,1424856.0,55.0,2126.0,533.53,532.53,0.0,0.0,14.0,Pasta,Italian,647.0,56.0,TYPEC,2.0
2019-10-20,1081833.0,55.0,2126.0,436.53,532.53,0.0,0.0,42.0,Pasta,Italian,647.0,56.0,TYPEC,2.0
2019-10-27,1081833.0,55.0,2126.0,436.53,532.53,0.0,0.0,42.0,Pasta,Italian,647.0,56.0,TYPEC,2.0
2019-11-03,1361778.0,55.0,2126.0,436.53,533.53,0.0,0.0,14.0,Pasta,Italian,647.0,56.0,TYPEC,2.0
2019-11-10,1361778.0,55.0,2126.0,436.53,533.53,0.0,0.0,14.0,Pasta,Italian,647.0,56.0,TYPEC,2.0
2019-11-17,1242425.0,55.0,2126.0,533.53,533.53,0.0,0.0,15.0,Pasta,Italian,647.0,56.0,TYPEC,2.0
2019-11-24,1242425.0,55.0,2126.0,533.53,533.53,0.0,0.0,15.0,Pasta,Italian,647.0,56.0,TYPEC,2.0
2019-12-01,1337768.0,55.0,2126.0,534.53,532.53,0.0,0.0,40.0,Pasta,Italian,647.0,56.0,TYPEC,2.0
2019-12-08,1151038.0,55.0,2126.0,436.5,533.53,0.0,0.0,15.0,Pasta,Italian,647.0,56.0,TYPEC,2.0
2019-12-15,1347815.0,55.0,2126.0,437.5,533.53,0.0,0.0,14.0,Pasta,Italian,647.0,56.0,TYPEC,2.0
2019-12-22,1153054.0,55.0,2126.0,533.53,532.53,0.0,0.0,14.0,Pasta,Italian,647.0,56.0,TYPEC,2.0
2019-12-29,1153054.0,55.0,2126.0,533.53,532.53,0.0,0.0,14.0,Pasta,Italian,647.0,56.0,TYPEC,2.0
2020-01-05,1447206.0,55.0,2126.0,534.53,534.53,0.0,0.0,26.0,Pasta,Italian,647.0,56.0,TYPEC,2.0
2020-01-12,1447206.0,55.0,2126.0,534.53,534.53,0.0,0.0,26.0,Pasta,Italian,647.0,56.0,TYPEC,2.0
2020-01-19,1447206.0,55.0,2126.0,534.53,534.53,0.0,0.0,26.0,Pasta,Italian,647.0,56.0,TYPEC,2.0
2020-01-26,1447206.0,55.0,2126.0,534.53,534.53,0.0,0.0,26.0,Pasta,Italian,647.0,56.0,TYPEC,2.0
2020-02-02,1087870.0,55.0,2126.0,437.53,533.53,0.0,0.0,13.0,Pasta,Italian,647.0,56.0,TYPEC,2.0
2020-02-09,1141556.0,55.0,2126.0,435.53,532.53,0.0,0.0,14.0,Pasta,Italian,647.0,56.0,TYPEC,2.0
2020-02-16,1430310.0,55.0,2126.0,436.53,534.53,0.0,0.0,14.0,Pasta,Italian,647.0,56.0,TYPEC,2.0
2020-02-23,1400244.0,55.0,2126.0,533.53,533.53,0.0,0.0,15.0,Pasta,Italian,647.0,56.0,TYPEC,2.0
2020-03-01,1160892.0,55.0,2126.0,533.53,534.53,0.0,0.0,42.0,Pasta,Italian,647.0,56.0,TYPEC,2.0
2020-03-08,1262881.0,55.0,2126.0,533.53,534.53,0.0,0.0,13.0,Pasta,Italian,647.0,56.0,TYPEC,2.0
2020-03-15,1212953.0,55.0,2126.0,533.53,532.53,0.0,0.0,41.0,Pasta,Italian,647.0,56.0,TYPEC,2.0
2020-03-22,1015237.0,55.0,2126.0,534.53,533.53,0.0,0.0,26.0,Pasta,Italian,647.0,56.0,TYPEC,2.0
2020-03-29,1390202.0,55.0,2126.0,534.53,534.53,0.0,0.0,27.0,Pasta,Italian,647.0,56.0,TYPEC,2.0
2020-04-05,1390202.0,55.0,2126.0,534.53,534.53,0.0,0.0,27.0,Pasta,Italian,647.0,56.0,TYPEC,2.0
2020-04-12,1499010.0,55.0,2126.0,435.53,534.53,0.0,0.0,26.0,Pasta,Italian,647.0,56.0,TYPEC,2.0
2020-04-19,1499010.0,55.0,2126.0,435.53,534.53,0.0,0.0,26.0,Pasta,Italian,647.0,56.0,TYPEC,2.0
2020-04-26,1189962.0,55.0,2126.0,534.53,534.53,0.0,0.0,13.0,Pasta,Italian,647.0,56.0,TYPEC,2.0
2020-05-03,1074659.0,55.0,2126.0,534.53,533.53,0.0,0.0,15.0,Pasta,Italian,647.0,56.0,TYPEC,2.0
2020-05-10,1086602.0,55.0,2126.0,532.53,532.53,0.0,0.0,14.0,Pasta,Italian,647.0,56.0,TYPEC,2.0
2020-05-17,1086602.0,55.0,2126.0,532.53,532.53,0.0,0.0,14.0,Pasta,Italian,647.0,56.0,TYPEC,2.0
2020-05-24,1086602.0,55.0,2126.0,532.53,532.53,0.0,0.0,14.0,Pasta,Italian,647.0,56.0,TYPEC,2.0
2020-05-31,1086602.0,55.0,2126.0,532.53,532.53,0.0,0.0,14.0,Pasta,Italian,647.0,56.0,TYPEC,2.0
2020-06-07,1086602.0,55.0,2126.0,532.53,532.53,0.0,0.0,14.0,Pasta,Italian,647.0,56.0,TYPEC,2.0
2020-06-14,1086602.0,55.0,2126.0,532.53,532.53,0.0,0.0,14.0,Pasta,Italian,647.0,56.0,TYPEC,2.0
2020-06-21,1086602.0,55.0,2126.0,532.53,532.53,0.0,0.0,14.0,Pasta,Italian,647.0,56.0,TYPEC,2.0
2020-06-28,1086602.0,55.0,2126.0,532.53,532.53,0.0,0.0,14.0,Pasta,Italian,647.0,56.0,TYPEC,2.0
2020-07-05,1086602.0,55.0,2126.0,532.53,532.53,0.0,0.0,14.0,Pasta,Italian,647.0,56.0,TYPEC,2.0
2020-07-12,1255179.0,55.0,2126.0,428.8,533.53,0.0,0.0,13.0,Pasta,Italian,647.0,56.0,TYPEC,2.0
2020-07-19,1088063.0,55.0,2126.0,428.8,532.53,0.0,0.0,15.0,Pasta,Italian,647.0,56.0,TYPEC,2.0
2020-07-26,1088063.0,55.0,2126.0,428.8,532.53,0.0,0.0,15.0,Pasta,Italian,647.0,56.0,TYPEC,2.0
2020-08-02,1088063.0,55.0,2126.0,428.8,532.53,0.0,0.0,15.0,Pasta,Italian,647.0,56.0,TYPEC,2.0
2020-08-09,1475987.0,55.0,2126.0,427.8,534.53,0.0,0.0,13.0,Pasta,Italian,647.0,56.0,TYPEC,2.0
2020-08-16,1475987.0,55.0,2126.0,427.8,534.53,0.0,0.0,13.0,Pasta,Italian,647.0,56.0,TYPEC,2.0
2020-08-23,1238998.0,55.0,2126.0,427.8,532.53,0.0,0.0,14.0,Pasta,Italian,647.0,56.0,TYPEC,2.0
2020-08-30,1076528.0,55.0,2126.0,426.8,428.8,0.0,0.0,14.0,Pasta,Italian,647.0,56.0,TYPEC,2.0
2020-09-06,1274941.0,55.0,2126.0,437.53,437.53,0.0,0.0,27.0,Pasta,Italian,647.0,56.0,TYPEC,2.0
2020-09-13,1274941.0,55.0,2126.0,437.53,437.53,0.0,0.0,27.0,Pasta,Italian,647.0,56.0,TYPEC,2.0
2020-09-20,1167222.0,55.0,2126.0,509.31,509.31,0.0,0.0,14.0,Pasta,Italian,647.0,56.0,TYPEC,2.0
2020-09-27,1167222.0,55.0,2126.0,509.31,509.31,0.0,0.0,14.0,Pasta,Italian,647.0,56.0,TYPEC,2.0
2020-10-04,1167222.0,55.0,2126.0,509.31,509.31,0.0,0.0,14.0,Pasta,Italian,647.0,56.0,TYPEC,2.0
2020-10-11,1167222.0,55.0,2126.0,509.31,509.31,0.0,0.0,14.0,Pasta,Italian,647.0,56.0,TYPEC,2.0
2020-10-18,1352193.0,55.0,2126.0,511.25,511.25,0.0,0.0,26.0,Pasta,Italian,647.0,56.0,TYPEC,2.0
2020-10-25,1491518.0,55.0,2126.0,509.25,510.25,0.0,0.0,14.0,Pasta,Italian,647.0,56.0,TYPEC,2.0
