psstudio/sampledatasets/Meal_delivery_company.csv
week,id,center_id,meal_id,checkout_price,base_price,emailer_for_promotion,homepage_featured,num_orders,category,cuisine,city_code,region_code,center_type,op_area
2018-02-11,1338232.0,55.0,2139.0,339.5,437.53,0.0,0.0,54.0,Beverages,Indian,647.0,56.0,TYPEC,2.0
2018-02-18,1338232.0,55.0,2139.0,339.5,437.53,0.0,0.0,54.0,Beverages,Indian,647.0,56.0,TYPEC,2.0
2018-02-25,1318577.0,55.0,2139.0,340.5,435.53,0.0,0.0,14.0,Beverages,Indian,647.0,56.0,TYPEC,2.0
2018-03-04,1318577.0,55.0,2139.0,340.5,435.53,0.0,0.0,14.0,Beverages,Indian,647.0,56.0,TYPEC,2.0
2018-03-11,1318577.0,55.0,2139.0,340.5,435.53,0.0,0.0,14.0,Beverages,Indian,647.0,56.0,TYPEC,2.0
2018-03-18,1190134.0,55.0,2139.0,435.53,435.53,0.0,0.0,15.0,Beverages,Indian,647.0,56.0,TYPEC,2.0
2018-03-25,1190134.0,55.0,2139.0,435.53,435.53,0.0,0.0,15.0,Beverages,Indian,647.0,56.0,TYPEC,2.0
2018-04-01,1194808.0,55.0,2139.0,435.53,437.53,0.0,0.0,13.0,Beverages,Indian,647.0,56.0,TYPEC,2.0
2018-04-08,1468496.0,55.0,2139.0,388.03,437.53,0.0,0.0,15.0,Beverages,Indian,647.0,56.0,TYPEC,2.0
2018-04-15,1067626.0,55.0,2139.0,389.03,437.53,0.0,0.0,15.0,Beverages,Indian,647.0,56.0,TYPEC,2.0
2018-04-22,1067626.0,55.0,2139.0,389.03,437.53,0.0,0.0,15.0,Beverages,Indian,647.0,56.0,TYPEC,2.0
2018-04-29,1349115.0,55.0,2139.0,388.03,436.53,0.0,0.0,15.0,Beverages,Indian,647.0,56.0,TYPEC,2.0
2018-05-06,1128089.0,55.0,2139.0,436.53,435.53,0.0,0.0,13.0,Beverages,Indian,647.0,56.0,TYPEC,2.0
2018-05-13,1260903.0,55.0,2139.0,436.53,436.53,0.0,0.0,13.0,Beverages,Indian,647.0,56.0,TYPEC,2.0
2018-05-20,1260903.0,55.0,2139.0,436.53,436.53,0.0,0.0,13.0,Beverages,Indian,647.0,56.0,TYPEC,2.0
2018-05-27,1260903.0,55.0,2139.0,436.53,436.53,0.0,0.0,13.0,Beverages,Indian,647.0,56.0,TYPEC,2.0
2018-06-03,1260903.0,55.0,2139.0,436.53,436.53,0.0,0.0,13.0,Beverages,Indian,647.0,56.0,TYPEC,2.0
2018-06-10,1130466.0,55.0,2139.0,437.53,435.53,0.0,0.0,14.0,Beverages,Indian,647.0,56.0,TYPEC,2.0
2018-06-17,1116305.0,55.0,2139.0,437.53,435.53,0.0,0.0,14.0,Beverages,Indian,647.0,56.0,TYPEC,2.0
2018-06-24,1262933.0,55.0,2139.0,435.53,437.53,0.0,0.0,15.0,Beverages,Indian,647.0,56.0,TYPEC,2.0
2018-07-01,1262933.0,55.0,2139.0,435.53,437.53,0.0,0.0,15.0,Beverages,Indian,647.0,56.0,TYPEC,2.0
2018-07-08,1376670.0,55.0,2139.0,296.82,437.53,0.0,0.0,15.0,Beverages,Indian,647.0,56.0,TYPEC,2.0
2018-07-15,1390559.0,55.0,2139.0,297.82,436.53,0.0,0.0,13.0,Beverages,Indian,647.0,56.0,TYPEC,2.0
2018-07-22,1139957.0,55.0,2139.0,298.82,435.53,0.0,1.0,27.0,Beverages,Indian,647.0,56.0,TYPEC,2.0
2018-07-29,1139957.0,55.0,2139.0,298.82,435.53,0.0,1.0,27.0,Beverages,Indian,647.0,56.0,TYPEC,2.0
2018-08-05,1309265.0,55.0,2139.0,296.82,436.53,0.0,0.0,28.0,Beverages,Indian,647.0,56.0,TYPEC,2.0
2018-08-12,1309265.0,55.0,2139.0,296.82,436.53,0.0,0.0,28.0,Beverages,Indian,647.0,56.0,TYPEC,2.0
2018-08-19,1471119.0,55.0,2139.0,292.0,437.53,0.0,0.0,15.0,Beverages,Indian,647.0,56.0,TYPEC,2.0
2018-08-26,1044992.0,55.0,2139.0,291.0,435.53,0.0,0.0,14.0,Beverages,Indian,647.0,56.0,TYPEC,2.0
2018-09-02,1033014.0,55.0,2139.0,291.0,435.53,0.0,0.0,15.0,Beverages,Indian,647.0,56.0,TYPEC,2.0
2018-09-09,1201753.0,55.0,2139.0,292.0,291.0,0.0,0.0,15.0,Beverages,Indian,647.0,56.0,TYPEC,2.0
2018-09-16,1201753.0,55.0,2139.0,292.0,291.0,0.0,0.0,15.0,Beverages,Indian,647.0,56.0,TYPEC,2.0
2018-09-23,1174686.0,55.0,2139.0,296.82,297.82,0.0,0.0,15.0,Beverages,Indian,647.0,56.0,TYPEC,2.0
2018-09-30,1018359.0,55.0,2139.0,298.82,298.82,0.0,0.0,14.0,Beverages,Indian,647.0,56.0,TYPEC,2.0
2018-10-07,1045871.0,55.0,2139.0,298.82,297.82,0.0,0.0,28.0,Beverages,Indian,647.0,56.0,TYPEC,2.0
2018-10-14,1374400.0,55.0,2139.0,298.82,298.82,0.0,0.0,15.0,Beverages,Indian,647.0,56.0,TYPEC,2.0
2018-10-21,1311453.0,55.0,2139.0,287.12,288.12,0.0,0.0,41.0,Beverages,Indian,647.0,56.0,TYPEC,2.0
2018-10-28,1311453.0,55.0,2139.0,287.12,288.12,0.0,0.0,41.0,Beverages,Indian,647.0,56.0,TYPEC,2.0
2018-11-04,1121152.0,55.0,2139.0,296.82,296.82,0.0,0.0,27.0,Beverages,Indian,647.0,56.0,TYPEC,2.0
2018-11-11,1121152.0,55.0,2139.0,296.82,296.82,0.0,0.0,27.0,Beverages,Indian,647.0,56.0,TYPEC,2.0
2018-11-18,1189695.0,55.0,2139.0,297.82,297.82,0.0,0.0,42.0,Beverages,Indian,647.0,56.0,TYPEC,2.0
2018-11-25,1192363.0,55.0,2139.0,266.75,298.82,0.0,0.0,14.0,Beverages,Indian,647.0,56.0,TYPEC,2.0
2018-12-02,1192363.0,55.0,2139.0,266.75,298.82,0.0,0.0,14.0,Beverages,Indian,647.0,56.0,TYPEC,2.0
2018-12-09,1192363.0,55.0,2139.0,266.75,298.82,0.0,0.0,14.0,Beverages,Indian,647.0,56.0,TYPEC,2.0
2018-12-16,1446349.0,55.0,2139.0,297.82,297.82,0.0,0.0,13.0,Beverages,Indian,647.0,56.0,TYPEC,2.0
2018-12-23,1074920.0,55.0,2139.0,296.82,296.82,0.0,0.0,14.0,Beverages,Indian,647.0,56.0,TYPEC,2.0
2018-12-30,1222736.0,55.0,2139.0,298.82,298.82,0.0,0.0,14.0,Beverages,Indian,647.0,56.0,TYPEC,2.0
2019-01-06,1330205.0,55.0,2139.0,298.82,298.82,0.0,0.0,26.0,Beverages,Indian,647.0,56.0,TYPEC,2.0
2019-01-13,1330205.0,55.0,2139.0,298.82,298.82,0.0,0.0,26.0,Beverages,Indian,647.0,56.0,TYPEC,2.0
2019-01-20,1075044.0,55.0,2139.0,297.82,297.82,0.0,0.0,14.0,Beverages,Indian,647.0,56.0,TYPEC,2.0
2019-01-27,1075044.0,55.0,2139.0,297.82,297.82,0.0,0.0,14.0,Beverages,Indian,647.0,56.0,TYPEC,2.0
2019-02-03,1197758.0,55.0,2139.0,297.82,296.82,0.0,0.0,26.0,Beverages,Indian,647.0,56.0,TYPEC,2.0
2019-02-10,1275995.0,55.0,2139.0,296.82,298.82,0.0,0.0,13.0,Beverages,Indian,647.0,56.0,TYPEC,2.0
2019-02-17,1275995.0,55.0,2139.0,296.82,298.82,0.0,0.0,13.0,Beverages,Indian,647.0,56.0,TYPEC,2.0
2019-02-24,1246622.0,55.0,2139.0,284.27,284.27,0.0,0.0,26.0,Beverages,Indian,647.0,56.0,TYPEC,2.0
2019-03-03,1318123.0,55.0,2139.0,296.82,297.82,0.0,0.0,42.0,Beverages,Indian,647.0,56.0,TYPEC,2.0
2019-03-10,1226777.0,55.0,2139.0,296.82,296.82,0.0,0.0,41.0,Beverages,Indian,647.0,56.0,TYPEC,2.0
2019-03-17,1127746.0,55.0,2139.0,296.82,296.82,0.0,0.0,14.0,Beverages,Indian,647.0,56.0,TYPEC,2.0
2019-03-24,1127746.0,55.0,2139.0,296.82,296.82,0.0,0.0,14.0,Beverages,Indian,647.0,56.0,TYPEC,2.0
2019-03-31,1083591.0,55.0,2139.0,298.82,296.82,0.0,0.0,15.0,Beverages,Indian,647.0,56.0,TYPEC,2.0
2019-04-07,1083591.0,55.0,2139.0,298.82,296.82,0.0,0.0,15.0,Beverages,Indian,647.0,56.0,TYPEC,2.0
2019-04-14,1184367.0,55.0,2139.0,275.48,276.48,0.0,0.0,14.0,Beverages,Indian,647.0,56.0,TYPEC,2.0
2019-04-21,1184367.0,55.0,2139.0,275.48,276.48,0.0,0.0,14.0,Beverages,Indian,647.0,56.0,TYPEC,2.0
2019-04-28,1387199.0,55.0,2139.0,290.03,292.03,0.0,0.0,14.0,Beverages,Indian,647.0,56.0,TYPEC,2.0
2019-05-05,1127547.0,55.0,2139.0,291.03,290.03,0.0,0.0,27.0,Beverages,Indian,647.0,56.0,TYPEC,2.0
2019-05-12,1349679.0,55.0,2139.0,291.03,290.03,0.0,0.0,13.0,Beverages,Indian,647.0,56.0,TYPEC,2.0
